Component: ARM Compiler 5.06 update 1 (build 61) Tool: armlink [4d35a8]

==============================================================================

Section Cross References

    main.o(i.bt_function_selection) refers to strcmpv7m.o(.text) for strcmp
    main.o(i.get_file) refers to ff.o(i.f_open) for f_open
    main.o(i.get_file) refers to ff.o(i.f_sync) for f_sync
    main.o(i.get_file) refers to ff.o(i.f_read) for f_read
    main.o(i.get_file) refers to sim868.o(i.bt_send_data) for bt_send_data
    main.o(i.get_file) refers to ff.o(i.f_close) for f_close
    main.o(i.get_list) refers to ff.o(i.f_opendir) for f_opendir
    main.o(i.get_list) refers to ff.o(i.f_readdir) for f_readdir
    main.o(i.get_list) refers to sim868.o(i.bt_send_data) for bt_send_data
    main.o(i.get_list) refers to ff.o(i.f_closedir) for f_closedir
    main.o(i.group_package) refers to gps.o(i.data_init) for data_init
    main.o(i.group_package) refers to gps.o(i.reg_fill) for reg_fill
    main.o(i.group_package) refers to gps.o(i.cpn_fill) for cpn_fill
    main.o(i.group_package) refers to gps.o(i.id_fill) for id_fill
    main.o(i.group_package) refers to gps.o(i.gps_extract) for gps_extract
    main.o(i.group_package) refers to gps.o(i.longitude_fill) for longitude_fill
    main.o(i.group_package) refers to gps.o(i.gps_single_data_clean) for gps_single_data_clean
    main.o(i.group_package) refers to gps.o(i.latitude_fill) for latitude_fill
    main.o(i.group_package) refers to gps.o(i.elevation_fill) for elevation_fill
    main.o(i.group_package) refers to gps.o(i.time_fill) for time_fill
    main.o(i.group_package) refers to gps.o(i.direction_fill) for direction_fill
    main.o(i.group_package) refers to gps.o(i.other_fill) for other_fill
    main.o(i.group_package) refers to gps.o(i.crc_fill) for crc_fill
    main.o(i.group_package) refers to main.o(.data) for reg
    main.o(i.group_package) refers to main.o(.bss) for gps_single_data
    main.o(i.main) refers to delay.o(i.delay_init) for delay_init
    main.o(i.main) refers to key.o(i.key_init) for key_init
    main.o(i.main) refers to led.o(i.led_init) for led_init
    main.o(i.main) refers to key.o(i.key_on) for key_on
    main.o(i.main) refers to misc.o(i.NVIC_PriorityGroupConfig) for NVIC_PriorityGroupConfig
    main.o(i.main) refers to exti.o(i.exti0_init) for exti0_init
    main.o(i.main) refers to usart.o(i.uart1_init) for uart1_init
    main.o(i.main) refers to usart.o(i.uart2_init) for uart2_init
    main.o(i.main) refers to usart.o(i.uart3_init) for uart3_init
    main.o(i.main) refers to sd.o(i.sd_init) for sd_init
    main.o(i.main) refers to ff.o(i.f_mount) for f_mount
    main.o(i.main) refers to sim868.o(i.OPEN_SIM868) for OPEN_SIM868
    main.o(i.main) refers to usart.o(i.Usart_SendStr_length) for Usart_SendStr_length
    main.o(i.main) refers to sim868.o(i.ntp_init) for ntp_init
    main.o(i.main) refers to main.o(i.npt_extract) for npt_extract
    main.o(i.main) refers to __2printf.o(.text) for __2printf
    main.o(i.main) refers to delay.o(i.delay_ms) for delay_ms
    main.o(i.main) refers to sim868.o(i.GPS_init) for GPS_init
    main.o(i.main) refers to sim868.o(i.GSM_init) for GSM_init
    main.o(i.main) refers to main.o(i.o_finddir) for o_finddir
    main.o(i.main) refers to ff.o(i.f_open) for f_open
    main.o(i.main) refers to ff.o(i.f_sync) for f_sync
    main.o(i.main) refers to gps.o(i.gps_buf_extract) for gps_buf_extract
    main.o(i.main) refers to stm32f10x_usart.o(i.USART_ITConfig) for USART_ITConfig
    main.o(i.main) refers to main.o(i.group_package) for group_package
    main.o(i.main) refers to ff.o(i.f_write) for f_write
    main.o(i.main) refers to sim868.o(i.BT_init) for BT_init
    main.o(i.main) refers to sim868.o(i.BT_connect) for BT_connect
    main.o(i.main) refers to sim868.o(i.data_recevied_flag) for data_recevied_flag
    main.o(i.main) refers to sim868.o(i.bt_extract_recevied_data) for bt_extract_recevied_data
    main.o(i.main) refers to main.o(i.bt_recevied_data_process) for bt_recevied_data_process
    main.o(i.main) refers to main.o(i.bt_function_selection) for bt_function_selection
    main.o(i.main) refers to main.o(i.get_list) for get_list
    main.o(i.main) refers to main.o(i.get_file) for get_file
    main.o(i.main) refers to sim868.o(i.bt_send_data) for bt_send_data
    main.o(i.main) refers to main.o(.data) for mode
    main.o(i.main) refers to main.o(.bss) for npt
    main.o(i.main) refers to usart.o(.data) for gpsDataFlag
    main.o(i.main) refers to usart.o(.bss) for RxBuffer2
    main.o(i.npt_extract) refers to main.o(.data) for path1
    main.o(i.o_finddir) refers to ff.o(i.f_opendir) for f_opendir
    main.o(i.o_finddir) refers to ff.o(i.f_readdir) for f_readdir
    main.o(i.o_finddir) refers to strcmpv7m.o(.text) for strcmp
    main.o(i.o_finddir) refers to ff.o(i.f_mkdir) for f_mkdir
    system_stm32f10x.o(i.SetSysClock) refers to system_stm32f10x.o(i.SetSysClockTo24) for SetSysClockTo24
[...]
    i.key_on                                 0x0800470c   Section        0  key.o(i.key_on)
    i.latitude_fill                          0x08004770   Section        0  gps.o(i.latitude_fill)
    i.ld_clust                               0x08004868   Section        0  ff.o(i.ld_clust)
    ld_clust                                 0x08004869   Thumb Code    32  ff.o(i.ld_clust)
    i.ldexp                                  0x08004888   Section        0  ldexp.o(i.ldexp)
    i.led1_init                              0x080048fc   Section        0  led.o(i.led1_init)
    led1_init                                0x080048fd   Thumb Code    38  led.o(i.led1_init)
    i.led234_init                            0x08004928   Section        0  led.o(i.led234_init)
    led234_init                              0x08004929   Thumb Code    96  led.o(i.led234_init)
    i.led_init                               0x0800498c   Section        0  led.o(i.led_init)
    i.led_off                                0x08004998   Section        0  led.o(i.led_off)
    i.led_on                                 0x080049f8   Section        0  led.o(i.led_on)
    i.longitude_fill                         0x08004a58   Section        0  gps.o(i.longitude_fill)
    i.main                                   0x08004b7c   Section        0  main.o(i.main)
    i.mem_cmp                                0x08004dd4   Section        0  ff.o(i.mem_cmp)
    mem_cmp                                  0x08004dd5   Thumb Code    38  ff.o(i.mem_cmp)
    i.mem_cpy                                0x08004dfa   Section        0  ff.o(i.mem_cpy)
    mem_cpy                                  0x08004dfb   Thumb Code    26  ff.o(i.mem_cpy)
    i.mem_set                                0x08004e14   Section        0  ff.o(i.mem_set)
    mem_set                                  0x08004e15   Thumb Code    20  ff.o(i.mem_set)
    i.move_window                            0x08004e28   Section        0  ff.o(i.move_window)
    move_window                              0x08004e29   Thumb Code    52  ff.o(i.move_window)
    i.npt_extract                            0x08004e5c   Section        0  main.o(i.npt_extract)
    i.ntp_init                               0x08004f5c   Section        0  sim868.o(i.ntp_init)
    i.o_finddir                              0x08005404   Section        0  main.o(i.o_finddir)
    i.only_atoi                              0x08005464   Section        0  only_atoi.o(i.only_atoi)
    i.only_memcpm                            0x080054a2   Section        0  only_strstr.o(i.only_memcpm)
    i.only_strstr                            0x080054cc   Section        0  only_strstr.o(i.only_strstr)
    i.other_fill                             0x08005532   Section        0  gps.o(i.other_fill)
    i.pa0_init                               0x0800553c   Section        0  key.o(i.pa0_init)
    pa0_init                                 0x0800553d   Thumb Code    38  key.o(i.pa0_init)
    i.pa5_init                               0x08005568   Section        0  sim868.o(i.pa5_init)
    pa5_init                                 0x08005569   Thumb Code    38  sim868.o(i.pa5_init)
    i.pb0_init                               0x08005594   Section        0  sim868.o(i.pb0_init)
    pb0_init                                 0x08005595   Thumb Code    46  sim868.o(i.pb0_init)
    i.pb1_init                               0x080055c8   Section        0  sim868.o(i.pb1_init)
    pb1_init                                 0x080055c9   Thumb Code    46  sim868.o(i.pb1_init)
    i.pb6_init                               0x080055fc   Section        0  key.o(i.pb6_init)
    pb6_init                                 0x080055fd   Thumb Code    38  key.o(i.pb6_init)
    i.put_fat                                0x08005628   Section        0  ff.o(i.put_fat)
    i.reg_fill                               0x0800576a   Section        0  gps.o(i.reg_fill)
    i.remove_chain                           0x0800577e   Section        0  ff.o(i.remove_chain)
    remove_chain                             0x0800577f   Thumb Code   108  ff.o(i.remove_chain)
    i.sd_getCSD                              0x080057ea   Section        0  sd.o(i.sd_getCSD)
    i.sd_getResponse                         0x08005812   Section        0  sd.o(i.sd_getResponse)
    i.sd_getSector                           0x08005838   Section        0  sd.o(i.sd_getSector)
    i.sd_init                                0x080058bc   Section        0  sd.o(i.sd_init)
    i.sd_read                                0x08005a50   Section        0  sd.o(i.sd_read)
    i.sd_readWrite                           0x08005ac0   Section        0  sd.o(i.sd_readWrite)
    i.sd_recvData                            0x08005acc   Section        0  sd.o(i.sd_recvData)
    i.sd_sendBlock                           0x08005b04   Section        0  sd.o(i.sd_sendBlock)
    i.sd_sendCmd                             0x08005b5a   Section        0  sd.o(i.sd_sendCmd)
    i.sd_speedHigh                           0x08005bd0   Section        0  sd.o(i.sd_speedHigh)
    i.sd_speedLow                            0x08005bda   Section        0  sd.o(i.sd_speedLow)
    i.sd_waitReady                           0x08005be4   Section        0  sd.o(i.sd_waitReady)
    i.sd_write                               0x08005c04   Section        0  sd.o(i.sd_write)
    i.spi1_init                              0x08005c90   Section        0  spi.o(i.spi1_init)
    i.spi1_readWriteByte                     0x08005d84   Section        0  spi.o(i.spi1_readWriteByte)
    i.spi1_setSpeed                          0x08005dd8   Section        0  spi.o(i.spi1_setSpeed)
    i.st_clust                               0x08005dfc   Section        0  ff.o(i.st_clust)
    st_clust                                 0x08005dfd   Thumb Code    16  ff.o(i.st_clust)
    i.sync_fs                                0x08005e0c   Section        0  ff.o(i.sync_fs)
    sync_fs                                  0x08005e0d   Thumb Code   200  ff.o(i.sync_fs)
    i.sync_window                            0x08005ed4   Section        0  ff.o(i.sync_window)
    sync_window                              0x08005ed5   Thumb Code    82  ff.o(i.sync_window)
    i.time_fill                              0x08005f28   Section        0  gps.o(i.time_fill)
    i.uart1_init                             0x080061d0   Section        0  usart.o(i.uart1_init)
    i.uart2_init                             0x08006270   Section        0  usart.o(i.uart2_init)
    i.uart3_init                             0x0800631c   Section        0  usart.o(i.uart3_init)
    i.validate                               0x080063bc   Section        0  ff.o(i.validate)
    validate                                 0x080063bd   Thumb Code    54  ff.o(i.validate)
    locale$$code                             0x080063f4   Section       44  lc_numeric_c.o(locale$$code)
    locale$$code                             0x08006420   Section       44  lc_ctype_c.o(locale$$code)
    x$fpl$d2f                                0x0800644c   Section       98  d2f.o(x$fpl$d2f)
    x$fpl$dcheck1                            0x080064b0   Section       16  dcheck1.o(x$fpl$dcheck1)
    x$fpl$dcmpinf                            0x080064c0   Section       24  dcmpi.o(x$fpl$dcmpinf)
    x$fpl$deqf                               0x080064d8   Section      120  deqf.o(x$fpl$deqf)
    x$fpl$dleqf                              0x08006550   Section      120  dleqf.o(x$fpl$dleqf)
    x$fpl$dnaninf                            0x080065c8   Section      156  dnaninf.o(x$fpl$dnaninf)
    x$fpl$drleqf                             0x08006664   Section      108  drleqf.o(x$fpl$drleqf)
    x$fpl$fadd                               0x080066d0   Section      196  faddsub_clz.o(x$fpl$fadd)
    _fadd1                                   0x080066df   Thumb Code     0  faddsub_clz.o(x$fpl$fadd)
    x$fpl$fdiv                               0x08006794   Section      388  fdiv.o(x$fpl$fdiv)
    _fdiv1                                   0x08006795   Thumb Code     0  fdiv.o(x$fpl$fdiv)
    x$fpl$ffix                               0x08006918   Section       54  ffix.o(x$fpl$ffix)
    x$fpl$ffixu                              0x08006950   Section       62  ffixu.o(x$fpl$ffixu)
    x$fpl$fflt                               0x08006990   Section       48  fflt_clz.o(x$fpl$fflt)
    x$fpl$fmul                               0x080069c0   Section      258  fmul.o(x$fpl$fmul)
    x$fpl$fnaninf                            0x08006ac2   Section      140  fnaninf.o(x$fpl$fnaninf)
    x$fpl$fretinf                            0x08006b4e   Section       10  fretinf.o(x$fpl$fretinf)
    x$fpl$fsub                               0x08006b58   Section      234  faddsub_clz.o(x$fpl$fsub)
    _fsub1                                   0x08006b67   Thumb Code     0  faddsub_clz.o(x$fpl$fsub)
    x$fpl$llufromf                           0x08006c44   Section       92  ffixull.o(x$fpl$llufromf)
    x$fpl$retnan                             0x08006ca0   Section      100  retnan.o(x$fpl$retnan)
    x$fpl$scalbn                             0x08006d04   Section       92  scalbn.o(x$fpl$scalbn)
    x$fpl$scanf1                             0x08006d60   Section        4  scanf1.o(x$fpl$scanf1)
    x$fpl$scanf2                             0x08006d64   Section        8  scanf2.o(x$fpl$scanf2)
    x$fpl$trapveneer                         0x08006d6c   Section       48  trapv.o(x$fpl$trapveneer)
    .constdata                               0x08006d9c   Section      108  gps.o(.constdata)
    x$fpl$usenofp                            0x08006d9c   Section        0  usenofp.o(x$fpl$usenofp)
    .constdata                               0x08006e08   Section       17  __printf_flags_ss_wp.o(.constdata)
    maptable                                 0x08006e08   Data          17  __printf_flags_ss_wp.o(.constdata)
    .constdata                               0x08006e1c   Section      148  bigflt0.o(.constdata)
    tenpwrs_x                                0x08006e1c   Data          60  bigflt0.o(.constdata)
    tenpwrs_i                                0x08006e58   Data          64  bigflt0.o(.constdata)
    c$$dinf                                  0x08006ed0   Section        8  fpconst.o(c$$dinf)
    locale$$data                             0x08006ed8   Section       28  lc_numeric_c.o(locale$$data)
    __lcnum_c_name                           0x08006edc   Data           2  lc_numeric_c.o(locale$$data)
    __lcnum_c_start                          0x08006ee4   Data           0  lc_numeric_c.o(locale$$data)
    __lcnum_c_point                          0x08006ef0   Data           0  lc_numeric_c.o(locale$$data)
    __lcnum_c_thousands                      0x08006ef2   Data           0  lc_numeric_c.o(locale$$data)
    __lcnum_c_grouping                       0x08006ef3   Data           0  lc_numeric_c.o(locale$$data)
    locale$$data                             0x08006ef4   Section      272  lc_ctype_c.o(locale$$data)
    __lcnum_c_end                            0x08006ef4   Data           0  lc_numeric_c.o(locale$$data)
    __lcctype_c_name                         0x08006ef8   Data           2  lc_ctype_c.o(locale$$data)
    __lcctype_c_start                        0x08006f00   Data           0  lc_ctype_c.o(locale$$data)
    __lcctype_c_end                          0x08007004   Data           0  lc_ctype_c.o(locale$$data)
    .data                                    0x20000000   Section       88  main.o(.data)
    .data                                    0x20000058   Section       20  system_stm32f10x.o(.data)
    .data                                    0x2000006c   Section        4  delay.o(.data)
    fac_us                                   0x2000006c   Data           1  delay.o(.data)
    fac_ms                                   0x2000006e   Data           2  delay.o(.data)
    .data                                    0x20000070   Section       20  usart.o(.data)
    .data                                    0x20000084   Section        1  crc16.o(.data)
    crc_tab16_init                           0x20000084   Data           1  crc16.o(.data)
    .data                                    0x20000088   Section        4  sim868.o(.data)
    .data                                    0x2000008c   Section        1  sd.o(.data)
    .data                                    0x20000090   Section        6  ff.o(.data)
    FatFs                                    0x20000090   Data           4  ff.o(.data)
    Fsid                                     0x20000094   Data           2  ff.o(.data)
    .data                                    0x20000096   Section       20  stm32f10x_rcc.o(.data)
    APBAHBPrescTable                         0x20000096   Data          16  stm32f10x_rcc.o(.data)
    ADCPrescTable                            0x200000a6   Data           4  stm32f10x_rcc.o(.data)
    .bss                                     0x200000ac   Section     1544  main.o(.bss)
    .bss                                     0x200006b4   Section     2127  usart.o(.bss)
    .bss                                     0x20000f04   Section       18  spi.o(.bss)
    .bss                                     0x20000f16   Section      512  crc16.o(.bss)
    crc_tab16                                0x20000f16   Data         512  crc16.o(.bss)
    .bss                                     0x20001118   Section       96  libspace.o(.bss)
    HEAP                                     0x20001178   Section     1024  startup_stm32f10x_md_vl.o(HEAP)
    Heap_Mem                                 0x20001178   Data        1024  startup_stm32f10x_md_vl.o(HEAP)
    STACK                                    0x20001578   Section     1536  startup_stm32f10x_md_vl.o(STACK)
    Stack_Mem                                0x20001578   Data        1536  startup_stm32f10x_md_vl.o(STACK)
    __initial_sp                             0x20001b78   Data           0  startup_stm32f10x_md_vl.o(STACK)

    Global Symbols

    Symbol Name                              Value     Ov Type        Size  Object(Section)

    BuildAttributes$$THM_ISAv4$P$D$K$B$S$PE$A:L22UL41UL21$X:L11$S22US41US21$IEEE1$IW$USESV6$~STKCKD$USESV7$~SHL$OTIME$ROPI$IEEEX$EBA8$UX$STANDARDLIB$REQ8$PRES8$EABIv2 0x00000000   Number         0  anon$$obj.o ABSOLUTE
    __ARM_use_no_argv                        0x00000000   Number         0  main.o ABSOLUTE
    _printf_flags                            0x00000000   Number         0  printf_stubs.o ABSOLUTE
    _printf_return_value                     0x00000000   Number         0  printf_stubs.o ABSOLUTE
    _printf_sizespec                         0x00000000   Number         0  printf_stubs.o ABSOLUTE
    _printf_widthprec                        0x00000000   Number         0  printf_stubs.o ABSOLUTE
    __ARM_exceptions_init                     - Undefined Weak Reference
    __alloca_initialize                       - Undefined Weak Reference
    __arm_preinit_                            - Undefined Weak Reference
    __cpp_initialize__aeabi_                  - Undefined Weak Reference
    __cxa_finalize                            - Undefined Weak Reference
    __sigvec_lookup                           - Undefined Weak Reference
    _atexit_init                              - Undefined Weak Reference
    _call_atexit_fns                          - Undefined Weak Reference
    _clock_init                               - Undefined Weak Reference
    _fp_trap_init                             - Undefined Weak Reference
    _fp_trap_shutdown                         - Undefined Weak Reference
    _get_lc_collate                           - Undefined Weak Reference
    _get_lc_monetary                          - Undefined Weak Reference
    _get_lc_time                              - Undefined Weak Reference
    _getenv_init                              - Undefined Weak Reference
    _handle_redirection                       - Undefined Weak Reference
    _init_alloc                               - Undefined Weak Reference
    _init_user_alloc                          - Undefined Weak Reference
    _initio                                   - Undefined Weak Reference
    _mutex_acquire                            - Undefined Weak Reference
    _mutex_release                            - Undefined Weak Reference
    _printf_fp_hex                            - Undefined Weak Reference
    _printf_mbtowc                            - Undefined Weak Reference
    _printf_wc                                - Undefined Weak Reference
    _rand_init                                - Undefined Weak Reference
    _signal_finish                            - Undefined Weak Reference
    _signal_init                              - Undefined Weak Reference
    _terminate_alloc                          - Undefined Weak Reference
    _terminate_user_alloc                     - Undefined Weak Reference
    _terminateio                              - Undefined Weak Reference
    __Vectors_Size                           0x00000120   Number         0  startup_stm32f10x_md_vl.o ABSOLUTE
    __Vectors                                0x08000000   Data           4  startup_stm32f10x_md_vl.o(RESET)
    __Vectors_End                            0x08000120   Data           0  startup_stm32f10x_md_vl.o(RESET)
    __main                                   0x08000121   Thumb Code     8  __main.o(!!!main)
    __scatterload                            0x08000129   Thumb Code     0  __scatter.o(!!!scatter)
    __scatterload_rt2                        0x08000129   Thumb Code    44  __scatter.o(!!!scatter)
    __scatterload_rt2_thumb_only             0x08000129   Thumb Code     0  __scatter.o(!!!scatter)
    __scatterload_null                       0x08000137   Thumb Code     0  __scatter.o(!!!scatter)
    __scatterload_copy                       0x0800015d   Thumb Code    26  __scatter_copy.o(!!handler_copy)
    __scatterload_zeroinit                   0x08000179   Thumb Code    28  __scatter_zi.o(!!handler_zi)
    _printf_percent                          0x08000195   Thumb Code     0  _printf_percent.o(.ARM.Collect$$_printf_percent$$00000000)
    _printf_percent_end                      0x08000195   Thumb Code     0  _printf_percent_end.o(.ARM.Collect$$_printf_percent$$00000017)
    __rt_lib_init                            0x08000199   Thumb Code     0  libinit.o(.ARM.Collect$$libinit$$00000000)
    __rt_lib_init_fp_1                       0x0800019b   Thumb Code     0  libinit2.o(.ARM.Collect$$libinit$$00000002)
    __rt_lib_init_heap_1                     0x0800019b   Thumb Code     0  libinit2.o(.ARM.Collect$$libinit$$0000000A)
    __rt_lib_init_lc_common                  0x0800019b   Thumb Code     0  libinit2.o(.ARM.Collect$$libinit$$0000000F)
    __rt_lib_init_preinit_1                  0x0800019b   Thumb Code     0  libinit2.o(.ARM.Collect$$libinit$$00000004)
    __rt_lib_init_rand_1                     0x0800019b   Thumb Code     0  libinit2.o(.ARM.Collect$$libinit$$0000000E)
    __rt_lib_init_user_alloc_1               0x0800019b   Thumb Code     0  libinit2.o(.ARM.Collect$$libinit$$0000000C)
    __rt_lib_init_lc_collate_1               0x080001a1   Thumb Code     0  libinit2.o(.ARM.Collect$$libinit$$00000011)
    __rt_lib_init_lc_ctype_2                 0x080001a1   Thumb Code     0  libinit2.o(.ARM.Collect$$libinit$$00000012)
    __rt_lib_init_lc_ctype_1                 0x080001ad   Thumb Code     0  libinit2.o(.ARM.Collect$$libinit$$00000013)
    __rt_lib_init_lc_monetary_1              0x080001ad   Thumb Code     0  libinit2.o(.ARM.Collect$$libinit$$00000015)
    __rt_lib_init_lc_numeric_2               0x080001ad   Thumb Code     0  libinit2.o(.ARM.Collect$$libinit$$00000016)
    __rt_lib_init_alloca_1                   0x080001b7   Thumb Code     0  libinit2.o(.ARM.Collect$$libinit$$0000002E)
    __rt_lib_init_argv_1                     0x080001b7   Thumb Code     0  libinit2.o(.ARM.Collect$$libinit$$0000002C)
    __rt_lib_init_atexit_1                   0x080001b7   Thumb Code     0  libinit2.o(.ARM.Collect$$libinit$$0000001B)
    __rt_lib_init_clock_1                    0x080001b7   Thumb Code     0  libinit2.o(.ARM.Collect$$libinit$$00000021)
    __rt_lib_init_cpp_1                      0x080001b7   Thumb Code     0  libinit2.o(.ARM.Collect$$libinit$$00000032)
    __rt_lib_init_exceptions_1               0x080001b7   Thumb Code     0  libinit2.o(.ARM.Collect$$libinit$$00000030)
    __rt_lib_init_fp_trap_1                  0x080001b7   Thumb Code     0  libinit2.o(.ARM.Collect$$libinit$$0000001F)
    __rt_lib_init_getenv_1                   0x080001b7   Thumb Code     0  libinit2.o(.ARM.Collect$$libinit$$00000023)
    __rt_lib_init_lc_numeric_1               0x080001b7   Thumb Code     0  libinit2.o(.ARM.Collect$$libinit$$00000017)
    __rt_lib_init_lc_time_1                  0x080001b7   Thumb Code     0  libinit2.o(.ARM.Collect$$libinit$$00000019)
    __rt_lib_init_return                     0x080001b7   Thumb Code     0  libinit2.o(.ARM.Collect$$libinit$$00000033)
    __rt_lib_init_signal_1                   0x080001b7   Thumb Code     0  libinit2.o(.ARM.Collect$$libinit$$0000001D)
    __rt_lib_init_stdio_1                    0x080001b7   Thumb Code     0  libinit2.o(.ARM.Collect$$libinit$$00000025)
    __rt_lib_shutdown                        0x080001b9   Thumb Code     0  libshutdown.o(.ARM.Collect$$libshutdown$$00000000)
    __rt_lib_shutdown_cpp_1                  0x080001bb   Thumb Code     0  libshutdown2.o(.ARM.Collect$$libshutdown$$00000002)
    __rt_lib_shutdown_fp_trap_1              0x080001bb   Thumb Code     0  libshutdown2.o(.ARM.Collect$$libshutdown$$00000007)
    __rt_lib_shutdown_heap_1                 0x080001bb   Thumb Code     0  libshutdown2.o(.ARM.Collect$$libshutdown$$0000000F)
    __rt_lib_shutdown_return                 0x080001bb   Thumb Code     0  libshutdown2.o(.ARM.Collect$$libshutdown$$00000010)
    __rt_lib_shutdown_signal_1               0x080001bb   Thumb Code     0  libshutdown2.o(.ARM.Collect$$libshutdown$$0000000A)
    __rt_lib_shutdown_stdio_1                0x080001bb   Thumb Code     0  libshutdown2.o(.ARM.Collect$$libshutdown$$00000004)
    __rt_lib_shutdown_user_alloc_1           0x080001bb   Thumb Code     0  libshutdown2.o(.ARM.Collect$$libshutdown$$0000000C)
    __rt_entry                               0x080001bd   Thumb Code     0  __rtentry.o(.ARM.Collect$$rtentry$$00000000)
    __rt_entry_presh_1                       0x080001bd   Thumb Code     0  __rtentry2.o(.ARM.Collect$$rtentry$$00000002)
    __rt_entry_sh                            0x080001bd   Thumb Code     0  __rtentry4.o(.ARM.Collect$$rtentry$$00000004)
    __rt_entry_li                            0x080001c3   Thumb Code     0  __rtentry2.o(.ARM.Collect$$rtentry$$0000000A)
    __rt_entry_postsh_1                      0x080001c3   Thumb Code     0  __rtentry2.o(.ARM.Collect$$rtentry$$00000009)
    __rt_entry_main                          0x080001c7   Thumb Code     0  __rtentry2.o(.ARM.Collect$$rtentry$$0000000D)
    __rt_entry_postli_1                      0x080001c7   Thumb Code     0  __rtentry2.o(.ARM.Collect$$rtentry$$0000000C)
    __rt_exit                                0x080001cf   Thumb Code     0  rtexit.o(.ARM.Collect$$rtexit$$00000000)
    __rt_exit_ls                             0x080001d1   Thumb Code     0  rtexit2.o(.ARM.Collect$$rtexit$$00000003)
    __rt_exit_prels_1                        0x080001d1   Thumb Code     0  rtexit2.o(.ARM.Collect$$rtexit$$00000002)
    __rt_exit_exit                           0x080001d5   Thumb Code     0  rtexit2.o(.ARM.Collect$$rtexit$$00000004)
    Reset_Handler                            0x080001dd   Thumb Code     8  startup_stm32f10x_md_vl.o(.text)
    ADC1_IRQHandler                          0x080001f7   Thumb Code     0  startup_stm32f10x_md_vl.o(.text)
    CEC_IRQHandler                           0x080001f7   Thumb Code     0  startup_stm32f10x_md_vl.o(.text)
    DMA1_Channel1_IRQHandler                 0x080001f7   Thumb Code     0  startup_stm32f10x_md_vl.o(.text)
    DMA1_Channel2_IRQHandler                 0x080001f7   Thumb Code     0  startup_stm32f10x_md_vl.o(.text)
    DMA1_Channel3_IRQHandler                 0x080001f7   Thumb Code     0  startup_stm32f10x_md_vl.o(.text)
    DMA1_Channel4_IRQHandler                 0x080001f7   Thumb Code     0  startup_stm32f10x_md_vl.o(.text)
    DMA1_Channel5_IRQHandler                 0x080001f7   Thumb Code     0  startup_stm32f10x_md_vl.o(.text)
    DMA1_Channel6_IRQHandler                 0x080001f7   Thumb Code     0  startup_stm32f10x_md_vl.o(.text)
    DMA1_Channel7_IRQHandler                 0x080001f7   Thumb Code     0  startup_stm32f10x_md_vl.o(.text)
    EXTI15_10_IRQHandler                     0x080001f7   Thumb Code     0  startup_stm32f10x_md_vl.o(.text)
    EXTI1_IRQHandler                         0x080001f7   Thumb Code     0  startup_stm32f10x_md_vl.o(.text)
    EXTI2_IRQHandler                         0x080001f7   Thumb Code     0  startup_stm32f10x_md_vl.o(.text)
    EXTI3_IRQHandler                         0x080001f7   Thumb Code     0  startup_stm32f10x_md_vl.o(.text)
    EXTI4_IRQHandler                         0x080001f7   Thumb Code     0  startup_stm32f10x_md_vl.o(.text)
    EXTI9_5_IRQHandler                       0x080001f7   Thumb Code     0  startup_stm32f10x_md_vl.o(.text)
    FLASH_IRQHandler                         0x080001f7   Thumb Code     0  startup_stm32f10x_md_vl.o(.text)
    I2C1_ER_IRQHandler                       0x080001f7   Thumb Code     0  startup_stm32f10x_md_vl.o(.text)
    I2C1_EV_IRQHandler                       0x080001f7   Thumb Code     0  startup_stm32f10x_md_vl.o(.text)
    I2C2_ER_IRQHandler                       0x080001f7   Thumb Code     0  startup_stm32f10x_md_vl.o(.text)
    I2C2_EV_IRQHandler                       0x080001f7   Thumb Code     0  startup_stm32f10x_md_vl.o(.text)
    PVD_IRQHandler                           0x080001f7   Thumb Code     0  startup_stm32f10x_md_vl.o(.text)
    RCC_IRQHandler                           0x080001f7   Thumb Code     0  startup_stm32f10x_md_vl.o(.text)
    RTCAlarm_IRQHandler                      0x080001f7   Thumb Code     0  startup_stm32f10x_md_vl.o(.text)
    RTC_IRQHandler                           0x080001f7   Thumb Code     0  startup_stm32f10x_md_vl.o(.text)
    SPI1_IRQHandler                          0x080001f7   Thumb Code     0  startup_stm32f10x_md_vl.o(.text)
    SPI2_IRQHandler                          0x080001f7   Thumb Code     0  startup_stm32f10x_md_vl.o(.text)
    TAMPER_IRQHandler                        0x080001f7   Thumb Code     0  startup_stm32f10x_md_vl.o(.text)
    TIM1_BRK_TIM15_IRQHandler                0x080001f7   Thumb Code     0  startup_stm32f10x_md_vl.o(.text)
    TIM1_CC_IRQHandler                       0x080001f7   Thumb Code     0  startup_stm32f10x_md_vl.o(.text)
    TIM1_TRG_COM_TIM17_IRQHandler            0x080001f7   Thumb Code     0  startup_stm32f10x_md_vl.o(.text)
    TIM1_UP_TIM16_IRQHandler                 0x080001f7   Thumb Code     0  startup_stm32f10x_md_vl.o(.text)
    TIM2_IRQHandler                          0x080001f7   Thumb Code     0  startup_stm32f10x_md_vl.o(.text)
    TIM3_IRQHandler                          0x080001f7   Thumb Code     0  startup_stm32f10x_md_vl.o(.text)
    TIM4_IRQHandler                          0x080001f7   Thumb Code     0  startup_stm32f10x_md_vl.o(.text)
    TIM6_DAC_IRQHandler                      0x080001f7   Thumb Code     0  startup_stm32f10x_md_vl.o(.text)
    TIM7_IRQHandler                          0x080001f7   Thumb Code     0  startup_stm32f10x_md_vl.o(.text)
    WWDG_IRQHandler                          0x080001f7   Thumb Code     0  startup_stm32f10x_md_vl.o(.text)
    __user_initial_stackheap                 0x080001f9   Thumb Code     0  startup_stm32f10x_md_vl.o(.text)
    __use_no_semihosting                     0x0800021d   Thumb Code     2  use_no_semi_2.o(.text)
    __2printf                                0x08000221   Thumb Code    20  __2printf.o(.text)
    strstr                                   0x08000239   Thumb Code    36  strstr.o(.text)
    strcmp                                   0x0800025d   Thumb Code   128  strcmpv7m.o(.text)
    __use_two_region_memory                  0x080002dd   Thumb Code     2  heapauxi.o(.text)
    __rt_heap_escrow$2region                 0x080002df   Thumb Code     2  heapauxi.o(.text)
    __rt_heap_expand$2region                 0x080002e1   Thumb Code     2  heapauxi.o(.text)
    __I$use$semihosting                      0x080002e3   Thumb Code     0  use_no_semi.o(.text)
    __use_no_semihosting_swi                 0x080002e3   Thumb Code     2  use_no_semi.o(.text)
    __read_errno                             0x080002e5   Thumb Code    10  _rserrno.o(.text)
    __set_errno                              0x080002ef   Thumb Code    12  _rserrno.o(.text)
    _printf_char_common                      0x08000307   Thumb Code    32  _printf_char_common.o(.text)
    _printf_char_file                        0x0800032d   Thumb Code    32  _printf_char_file.o(.text)
    __printf                                 0x08000351   Thumb Code   388  __printf_flags_ss_wp.o(.text)
    __strtod_int                             0x08000515   Thumb Code    88  strtod.o(.text)
    __aeabi_errno_addr                       0x08000579   Thumb Code     8  rt_errno_addr_intlibspace.o(.text)
    __errno$intlibspace                      0x08000579   Thumb Code     0  rt_errno_addr_intlibspace.o(.text)
    __rt_errno_addr$intlibspace              0x08000579   Thumb Code     0  rt_errno_addr_intlibspace.o(.text)
    isspace                                  0x08000581   Thumb Code    18  isspace.o(.text)
    _sgetc                                   0x08000593   Thumb Code    30  _sgetc.o(.text)
    _sbackspace                              0x080005b1   Thumb Code    34  _sgetc.o(.text)
    ferror                                   0x080005d3   Thumb Code     8  ferror.o(.text)
    __user_libspace                          0x080005dd   Thumb Code     8  libspace.o(.text)
    __user_perproc_libspace                  0x080005dd   Thumb Code     0  libspace.o(.text)
    __user_perthread_libspace                0x080005dd   Thumb Code     0  libspace.o(.text)
    __user_setup_stackheap                   0x080005e5   Thumb Code    74  sys_stackheap_outer.o(.text)
    __rt_ctype_table                         0x08000631   Thumb Code    16  rt_ctype_table.o(.text)
    __rt_locale                              0x08000641   Thumb Code     8  rt_locale_intlibspace.o(.text)
    _scanf_really_real                       0x08000845   Thumb Code   668  scanf_fp.o(.text)
    _btod_etento                             0x08000aed   Thumb Code   216  bigflt0.o(.text)
    exit                                     0x08000bc9   Thumb Code    18  exit.o(.text)
    _scanf_really_hex_real                   0x08000bdd   Thumb Code   778  scanf_hexfp.o(.text)
    _scanf_really_infnan                     0x08000ef5   Thumb Code   292  scanf_infnan.o(.text)
    __aeabi_llsl                             0x08001029   Thumb Code     0  llshl.o(.text)
    _ll_shift_l                              0x08001029   Thumb Code    38  llshl.o(.text)
    _chval                                   0x0800104f   Thumb Code    28  _chval.o(.text)
    __btod_div_common                        0x0800106b   Thumb Code   696  btod.o(CL$$btod_div_common)
    _e2d                                     0x080013a5   Thumb Code    80  btod.o(CL$$btod_e2d)
    _e2e                                     0x080013f9   Thumb Code   198  btod.o(CL$$btod_e2e)
    _btod_ediv                               0x080014bf   Thumb Code    40  btod.o(CL$$btod_ediv)
    _btod_edivd                              0x080014e7   Thumb Code    40  btod.o(CL$$btod_edivd)
    _btod_emul                               0x0800150f   Thumb Code    40  btod.o(CL$$btod_emul)
    _btod_emuld                              0x08001537   Thumb Code    40  btod.o(CL$$btod_emuld)
    __btod_mult_common                       0x0800155f   Thumb Code   580  btod.o(CL$$btod_mult_common)
    BT_connect                               0x080017a5   Thumb Code   122  sim868.o(i.BT_connect)
    BT_init                                  0x08001871   Thumb Code    76  sim868.o(i.BT_init)
    BusFault_Handler                         0x08001901   Thumb Code     4  stm32f10x_it.o(i.BusFault_Handler)
    Clear_Buffer1                            0x08001905   Thumb Code    38  usart.o(i.Clear_Buffer1)
    DebugMon_Handler                         0x08001935   Thumb Code     2  stm32f10x_it.o(i.DebugMon_Handler)
    EXTI0_IRQHandler                         0x08001937   Thumb Code    22  exti.o(i.EXTI0_IRQHandler)
    EXTI_ClearITPendingBit                   0x0800194d   Thumb Code     6  stm32f10x_exti.o(i.EXTI_ClearITPendingBit)
    EXTI_GetITStatus                         0x08001959   Thumb Code    34  stm32f10x_exti.o(i.EXTI_GetITStatus)
    EXTI_Init                                0x08001981   Thumb Code   142  stm32f10x_exti.o(i.EXTI_Init)
    GPIO_EXTILineConfig                      0x08001a15   Thumb Code    60  stm32f10x_gpio.o(i.GPIO_EXTILineConfig)
    GPIO_Init                                0x08001a55   Thumb Code   278  stm32f10x_gpio.o(i.GPIO_Init)
    GPIO_PinRemapConfig                      0x08001b6d   Thumb Code   138  stm32f10x_gpio.o(i.GPIO_PinRemapConfig)
    GPIO_ReadInputDataBit                    0x08001bfd   Thumb Code    18  stm32f10x_gpio.o(i.GPIO_ReadInputDataBit)
    GPIO_ResetBits                           0x08001c0f   Thumb Code     4  stm32f10x_gpio.o(i.GPIO_ResetBits)
    GPIO_SetBits                             0x08001c13   Thumb Code     4  stm32f10x_gpio.o(i.GPIO_SetBits)
    GPS_init                                 0x08001c19   Thumb Code    78  sim868.o(i.GPS_init)
    GSM_init                                 0x08001cc1   Thumb Code   822  sim868.o(i.GSM_init)
    HardFault_Handler                        0x08002165   Thumb Code     4  stm32f10x_it.o(i.HardFault_Handler)
    MemManage_Handler                        0x08002169   Thumb Code     4  stm32f10x_it.o(i.MemManage_Handler)
    NMI_Handler                              0x0800216d   Thumb Code     2  stm32f10x_it.o(i.NMI_Handler)
    NVIC_Init                                0x08002171   Thumb Code   100  misc.o(i.NVIC_Init)
    NVIC_PriorityGroupConfig                 0x080021e1   Thumb Code    10  misc.o(i.NVIC_PriorityGroupConfig)
    OPEN_SIM868                              0x080021f5   Thumb Code   192  sim868.o(i.OPEN_SIM868)
    PendSV_Handler                           0x080022d1   Thumb Code     2  stm32f10x_it.o(i.PendSV_Handler)
    RCC_APB1PeriphClockCmd                   0x080022d5   Thumb Code    26  stm32f10x_rcc.o(i.RCC_APB1PeriphClockCmd)
    RCC_APB1PeriphResetCmd                   0x080022f5   Thumb Code    26  stm32f10x_rcc.o(i.RCC_APB1PeriphResetCmd)
    RCC_APB2PeriphClockCmd                   0x08002315   Thumb Code    26  stm32f10x_rcc.o(i.RCC_APB2PeriphClockCmd)
    RCC_APB2PeriphResetCmd                   0x08002335   Thumb Code    26  stm32f10x_rcc.o(i.RCC_APB2PeriphResetCmd)
    RCC_GetClocksFreq                        0x08002355   Thumb Code   190  stm32f10x_rcc.o(i.RCC_GetClocksFreq)
    SPI_Cmd                                  0x0800242d   Thumb Code    24  stm32f10x_spi.o(i.SPI_Cmd)
    SPI_I2S_GetFlagStatus                    0x08002445   Thumb Code    18  stm32f10x_spi.o(i.SPI_I2S_GetFlagStatus)
    SPI_I2S_ReceiveData                      0x08002457   Thumb Code     6  stm32f10x_spi.o(i.SPI_I2S_ReceiveData)
    SPI_I2S_SendData                         0x0800245d   Thumb Code     4  stm32f10x_spi.o(i.SPI_I2S_SendData)
    SPI_Init                                 0x08002461   Thumb Code    60  stm32f10x_spi.o(i.SPI_Init)
    SVC_Handler                              0x0800249d   Thumb Code     2  stm32f10x_it.o(i.SVC_Handler)
    SysTick_CLKSourceConfig                  0x08002561   Thumb Code    40  misc.o(i.SysTick_CLKSourceConfig)
    SysTick_Handler                          0x08002589   Thumb Code     2  stm32f10x_it.o(i.SysTick_Handler)
    SystemInit                               0x0800258d   Thumb Code    82  system_stm32f10x.o(i.SystemInit)
    USART1_IRQHandler                        0x080025f1   Thumb Code    40  usart.o(i.USART1_IRQHandler)
    USART2_IRQHandler                        0x08002625   Thumb Code   122  usart.o(i.USART2_IRQHandler)
    USART3_IRQHandler                        0x080026b1   Thumb Code    56  usart.o(i.USART3_IRQHandler)
    USART_Cmd                                0x080026f5   Thumb Code    24  stm32f10x_usart.o(i.USART_Cmd)
    USART_DeInit                             0x0800270d   Thumb Code   134  stm32f10x_usart.o(i.USART_DeInit)
    USART_GetFlagStatus                      0x080027a9   Thumb Code    26  stm32f10x_usart.o(i.USART_GetFlagStatus)
    USART_GetITStatus                        0x080027c3   Thumb Code    84  stm32f10x_usart.o(i.USART_GetITStatus)
    USART_ITConfig                           0x08002817   Thumb Code    74  stm32f10x_usart.o(i.USART_ITConfig)
    USART_Init                               0x08002861   Thumb Code   210  stm32f10x_usart.o(i.USART_Init)
    USART_ReceiveData                        0x08002939   Thumb Code    10  stm32f10x_usart.o(i.USART_ReceiveData)
    USART_SendData                           0x08002943   Thumb Code     8  stm32f10x_usart.o(i.USART_SendData)
    Uart3_SendStr                            0x0800294d   Thumb Code    34  usart.o(i.Uart3_SendStr)
    UsageFault_Handler                       0x08002975   Thumb Code     4  stm32f10x_it.o(i.UsageFault_Handler)
    Usart_SendStr_length                     0x08002997   Thumb Code    32  usart.o(i.Usart_SendStr_length)
    __mathlib_dbl_overflow                   0x080029b7   Thumb Code    14  dunder.o(i.__mathlib_dbl_overflow)
    __mathlib_dbl_underflow                  0x080029c5   Thumb Code    10  dunder.o(i.__mathlib_dbl_underflow)
    __mathlib_narrow                         0x080029d5   Thumb Code    16  narrow.o(i.__mathlib_narrow)
    __mathlib_tofloat                        0x080029e5   Thumb Code   132  narrow.o(i.__mathlib_tofloat)
    __support_ldexp                          0x08002a6d   Thumb Code    22  ldexp.o(i.__support_ldexp)
    _is_digit                                0x08002a83   Thumb Code    14  __printf_wp.o(i._is_digit)
    _sys_exit                                0x08002a91   Thumb Code     6  usart.o(i._sys_exit)
    atof                                     0x08002a97   Thumb Code    42  atof.o(i.atof)
    bt_extract_recevied_data                 0x08002ac1   Thumb Code    94  sim868.o(i.bt_extract_recevied_data)
    bt_function_selection                    0x08002b29   Thumb Code    36  main.o(i.bt_function_selection)
    bt_recevied_data_process                 0x08002b5d   Thumb Code    54  main.o(i.bt_recevied_data_process)
    bt_send_data                             0x08002b95   Thumb Code    66  sim868.o(i.bt_send_data)
    clust2sect                               0x08002cc3   Thumb Code    26  ff.o(i.clust2sect)
    cpn_fill                                 0x08002cdd   Thumb Code    20  gps.o(i.cpn_fill)
    crc_16                                   0x08002cf1   Thumb Code    64  crc16.o(i.crc_16)
    crc_fill                                 0x08002d39   Thumb Code    28  gps.o(i.crc_fill)
    data_init                                0x08002f85   Thumb Code    22  gps.o(i.data_init)
    data_recevied_flag                       0x08002f9d   Thumb Code    26  sim868.o(i.data_recevied_flag)
    delay_init                               0x08002fc9   Thumb Code    50  delay.o(i.delay_init)
    delay_ms                                 0x0800300d   Thumb Code    72  delay.o(i.delay_ms)
    direction_fill                           0x0800336b   Thumb Code    50  gps.o(i.direction_fill)
    disk_initialize                          0x0800339d   Thumb Code    46  diskio.o(i.disk_initialize)
    disk_ioctl                               0x080033cb   Thumb Code    76  diskio.o(i.disk_ioctl)
    disk_read                                0x08003417   Thumb Code    68  diskio.o(i.disk_read)
    disk_status                              0x0800345b   Thumb Code     6  diskio.o(i.disk_status)
    disk_write                               0x08003461   Thumb Code    40  diskio.o(i.disk_write)
    elevation_fill                           0x08003489   Thumb Code    64  gps.o(i.elevation_fill)
    exti0_init                               0x080034cd   Thumb Code    72  exti.o(i.exti0_init)
    f_close                                  0x08003515   Thumb Code    32  ff.o(i.f_close)
    f_closedir                               0x08003535   Thumb Code    22  ff.o(i.f_closedir)
    f_mkdir                                  0x0800354d   Thumb Code   348  ff.o(i.f_mkdir)
    f_mount                                  0x080036ad   Thumb Code    86  ff.o(i.f_mount)
    f_open                                   0x08003709   Thumb Code   354  ff.o(i.f_open)
    f_opendir                                0x08003871   Thumb Code   110  ff.o(i.f_opendir)
    f_read                                   0x080038df   Thumb Code   432  ff.o(i.f_read)
    f_readdir                                0x08003a8f   Thumb Code    88  ff.o(i.f_readdir)
    f_sync                                   0x08003ae9   Thumb Code   172  ff.o(i.f_sync)
    f_write                                  0x08003b99   Thumb Code   490  ff.o(i.f_write)
    fputc                                    0x0800419d   Thumb Code    24  usart.o(i.fputc)
    frexp                                    0x080041b9   Thumb Code    80  frexp.o(i.frexp)
    get_fat                                  0x08004211   Thumb Code   242  ff.o(i.get_fat)
    get_file                                 0x08004303   Thumb Code    84  main.o(i.get_file)
    get_list                                 0x08004411   Thumb Code    74  main.o(i.get_list)
    gps_buf_extract                          0x08004461   Thumb Code   140  gps.o(i.gps_buf_extract)
    gps_extract                              0x080044f5   Thumb Code   126  gps.o(i.gps_extract)
    gps_single_data_clean                    0x08004579   Thumb Code    24  gps.o(i.gps_single_data_clean)
    group_package                            0x08004591   Thumb Code   168  main.o(i.group_package)
    id_fill                                  0x08004655   Thumb Code    20  gps.o(i.id_fill)
    is_leap_time                             0x080046b5   Thumb Code    58  gps.o(i.is_leap_time)
    key_init                                 0x080046ef   Thumb Code    12  key.o(i.key_init)
    key_off                                  0x080046fd   Thumb Code    12  key.o(i.key_off)
    key_on                                   0x0800470d   Thumb Code    88  key.o(i.key_on)
    latitude_fill                            0x08004771   Thumb Code   234  gps.o(i.latitude_fill)
    ldexp                                    0x08004889   Thumb Code   116  ldexp.o(i.ldexp)
    led_init                                 0x0800498d   Thumb Code    12  led.o(i.led_init)
    led_off                                  0x08004999   Thumb Code    86  led.o(i.led_off)
    led_on                                   0x080049f9   Thumb Code    86  led.o(i.led_on)
    longitude_fill                           0x08004a59   Thumb Code   280  gps.o(i.longitude_fill)
    main                                     0x08004b7d   Thumb Code   472  main.o(i.main)
    npt_extract                              0x08004e5d   Thumb Code   240  main.o(i.npt_extract)
    ntp_init                                 0x08004f5d   Thumb Code   872  sim868.o(i.ntp_init)
    o_finddir                                0x08005405   Thumb Code    96  main.o(i.o_finddir)
    only_atoi                                0x08005465   Thumb Code    62  only_atoi.o(i.only_atoi)
    only_memcpm                              0x080054a3   Thumb Code    42  only_strstr.o(i.only_memcpm)
    only_strstr                              0x080054cd   Thumb Code   102  only_strstr.o(i.only_strstr)
    other_fill                               0x08005533   Thumb Code     8  gps.o(i.other_fill)
    put_fat                                  0x08005629   Thumb Code   322  ff.o(i.put_fat)
    reg_fill                                 0x0800576b   Thumb Code    20  gps.o(i.reg_fill)
    sd_getCSD                                0x080057eb   Thumb Code    40  sd.o(i.sd_getCSD)
    sd_getResponse                           0x08005813   Thumb Code    38  sd.o(i.sd_getResponse)
    sd_getSector                             0x08005839   Thumb Code   132  sd.o(i.sd_getSector)
    sd_init                                  0x080058bd   Thumb Code   394  sd.o(i.sd_init)
    sd_read                                  0x08005a51   Thumb Code   108  sd.o(i.sd_read)
    sd_readWrite                             0x08005ac1   Thumb Code    12  sd.o(i.sd_readWrite)
    sd_recvData                              0x08005acd   Thumb Code    56  sd.o(i.sd_recvData)
    sd_sendBlock                             0x08005b05   Thumb Code    86  sd.o(i.sd_sendBlock)
    sd_sendCmd                               0x08005b5b   Thumb Code   118  sd.o(i.sd_sendCmd)
    sd_speedHigh                             0x08005bd1   Thumb Code    10  sd.o(i.sd_speedHigh)
    sd_speedLow                              0x08005bdb   Thumb Code    10  sd.o(i.sd_speedLow)
    sd_waitReady                             0x08005be5   Thumb Code    32  sd.o(i.sd_waitReady)
    sd_write                                 0x08005c05   Thumb Code   136  sd.o(i.sd_write)
    spi1_init                                0x08005c91   Thumb Code   222  spi.o(i.spi1_init)
    spi1_readWriteByte                       0x08005d85   Thumb Code    78  spi.o(i.spi1_readWriteByte)
    spi1_setSpeed                            0x08005dd9   Thumb Code    26  spi.o(i.spi1_setSpeed)
    time_fill                                0x08005f29   Thumb Code   656  gps.o(i.time_fill)
    uart1_init                               0x080061d1   Thumb Code   152  usart.o(i.uart1_init)
    uart2_init                               0x08006271   Thumb Code   162  usart.o(i.uart2_init)
    uart3_init                               0x0800631d   Thumb Code   152  usart.o(i.uart3_init)
    _get_lc_numeric                          0x080063f5   Thumb Code    44  lc_numeric_c.o(locale$$code)
    _get_lc_ctype                            0x08006421   Thumb Code    44  lc_ctype_c.o(locale$$code)
    __aeabi_d2f                              0x0800644d   Thumb Code     0  d2f.o(x$fpl$d2f)
    _d2f                                     0x0800644d   Thumb Code    98  d2f.o(x$fpl$d2f)
    __fpl_dcheck_NaN1                        0x080064b1   Thumb Code    10  dcheck1.o(x$fpl$dcheck1)
    __fpl_dcmp_Inf                           0x080064c1   Thumb Code    24  dcmpi.o(x$fpl$dcmpinf)
    __aeabi_cdcmpeq                          0x080064d9   Thumb Code     0  deqf.o(x$fpl$deqf)
    _dcmpeq                                  0x080064d9   Thumb Code   120  deqf.o(x$fpl$deqf)
    __aeabi_cdcmple                          0x08006551   Thumb Code     0  dleqf.o(x$fpl$dleqf)
    _dcmple                                  0x08006551   Thumb Code   120  dleqf.o(x$fpl$dleqf)
    __fpl_dcmple_InfNaN                      0x080065b3   Thumb Code     0  dleqf.o(x$fpl$dleqf)
    __fpl_dnaninf                            0x080065c9   Thumb Code   156  dnaninf.o(x$fpl$dnaninf)
    __aeabi_cdrcmple                         0x08006665   Thumb Code     0  drleqf.o(x$fpl$drleqf)
    _drcmple                                 0x08006665   Thumb Code   108  drleqf.o(x$fpl$drleqf)
    __aeabi_fadd                             0x080066d1   Thumb Code     0  faddsub_clz.o(x$fpl$fadd)
    _fadd                                    0x080066d1   Thumb Code   196  faddsub_clz.o(x$fpl$fadd)
    __aeabi_fdiv                             0x08006795   Thumb Code     0  fdiv.o(x$fpl$fdiv)
    _fdiv                                    0x08006795   Thumb Code   384  fdiv.o(x$fpl$fdiv)
    __aeabi_f2iz                             0x08006919   Thumb Code     0  ffix.o(x$fpl$ffix)
    _ffix                                    0x08006919   Thumb Code    54  ffix.o(x$fpl$ffix)
    __aeabi_f2uiz                            0x08006951   Thumb Code     0  ffixu.o(x$fpl$ffixu)
    _ffixu                                   0x08006951   Thumb Code    62  ffixu.o(x$fpl$ffixu)
    __aeabi_i2f                              0x08006991   Thumb Code     0  fflt_clz.o(x$fpl$fflt)
    _fflt                                    0x08006991   Thumb Code    48  fflt_clz.o(x$fpl$fflt)
    __aeabi_fmul                             0x080069c1   Thumb Code     0  fmul.o(x$fpl$fmul)
    _fmul                                    0x080069c1   Thumb Code   258  fmul.o(x$fpl$fmul)
    __fpl_fnaninf                            0x08006ac3   Thumb Code   140  fnaninf.o(x$fpl$fnaninf)
    __fpl_fretinf                            0x08006b4f   Thumb Code    10  fretinf.o(x$fpl$fretinf)
    __aeabi_fsub                             0x08006b59   Thumb Code     0  faddsub_clz.o(x$fpl$fsub)
    _fsub                                    0x08006b59   Thumb Code   234  faddsub_clz.o(x$fpl$fsub)
    __aeabi_f2ulz                            0x08006c45   Thumb Code     0  ffixull.o(x$fpl$llufromf)
    _ll_ufrom_f                              0x08006c45   Thumb Code    92  ffixull.o(x$fpl$llufromf)
    __fpl_return_NaN                         0x08006ca1   Thumb Code   100  retnan.o(x$fpl$retnan)
    __ARM_scalbn                             0x08006d05   Thumb Code    92  scalbn.o(x$fpl$scalbn)
    _scanf_real                              0x08006d61   Thumb Code     4  scanf1.o(x$fpl$scanf1)
    _scanf_hex_real                          0x08006d65   Thumb Code     4  scanf2.o(x$fpl$scanf2)
    _scanf_infnan                            0x08006d69   Thumb Code     4  scanf2.o(x$fpl$scanf2)
    __fpl_cmpreturn                          0x08006d6d   Thumb Code    48  trapv.o(x$fpl$trapveneer)
    __I$use$fp                               0x08006d9c   Number         0  usenofp.o(x$fpl$usenofp)
    mon_table                                0x08006d9c   Data          12  gps.o(.constdata)
    Region$$Table$$Base                      0x08006eb0   Number         0  anon$$obj.o(Region$$Table)
    Region$$Table$$Limit                     0x08006ed0   Number         0  anon$$obj.o(Region$$Table)
    __aeabi_HUGE_VAL                         0x08006ed0   Data           0  fpconst.o(c$$dinf)
    __aeabi_HUGE_VALL                        0x08006ed0   Data           0  fpconst.o(c$$dinf)
    __aeabi_INFINITY                         0x08006ed0   Data           0  fpconst.o(c$$dinf)
    __dInf                                   0x08006ed0   Data           0  fpconst.o(c$$dinf)
    __huge_val                               0x08006ed0   Data           0  fpconst.o(c$$dinf)
    __ctype                                  0x08006f01   Data           0  lc_ctype_c.o(locale$$data)
    mode                                     0x20000000   Data           1  main.o(.data)
    reg                                      0x20000001   Data          16  main.o(.data)
    cpn                                      0x20000011   Data          16  main.o(.data)
    id                                       0x20000021   Data          16  main.o(.data)
    path0                                    0x20000031   Data           3  main.o(.data)
    path1                                    0x20000034   Data           7  main.o(.data)
    mkpath2                                  0x2000003b   Data          10  main.o(.data)
    rwpath2                                  0x20000045   Data           3  main.o(.data)
    name                                     0x20000048   Data          16  main.o(.data)
    SystemCoreClock                          0x20000058   Data           4  system_stm32f10x.o(.data)
    AHBPrescTable                            0x2000005c   Data          16  system_stm32f10x.o(.data)
    __stdout                                 0x20000070   Data           4  usart.o(.data)
    RxCounter1                               0x20000074   Data           1  usart.o(.data)
    TxCounter1                               0x20000075   Data           1  usart.o(.data)
    RxCounter2                               0x20000078   Data           4  usart.o(.data)
    gpsDataFlag                              0x2000007c   Data           4  usart.o(.data)
    RxCounter3                               0x20000080   Data           4  usart.o(.data)
    Readystrx                                0x20000088   Data           4  sim868.o(.data)
    sd_type                                  0x2000008c   Data           1  sd.o(.data)
    npt                                      0x200000ac   Data          20  main.o(.bss)
    npt_time                                 0x200000c0   Data          48  main.o(.bss)
    data                                     0x200000f0   Data          80  main.o(.bss)
    btrevdata                                0x20000140   Data          32  main.o(.bss)
    btcmd                                    0x20000160   Data          16  main.o(.bss)
    btdata                                   0x20000170   Data          16  main.o(.bss)
    GpsData                                  0x20000180   Data        1024  main.o(.bss)
    GPRMC                                    0x20000580   Data         128  main.o(.bss)
    GPGGA                                    0x20000600   Data         128  main.o(.bss)
    gps_single_data                          0x20000680   Data          28  main.o(.bss)
    tim                                      0x2000069c   Data          24  main.o(.bss)
    RxBuffer1                                0x200006b4   Data         256  usart.o(.bss)
    TxBuffer1                                0x200007b4   Data         256  usart.o(.bss)
    RxBuffer2                                0x200008b4   Data        1359  usart.o(.bss)
    RxBuffer3                                0x20000e03   Data         256  usart.o(.bss)
    SPI_InitStructure                        0x20000f04   Data          18  spi.o(.bss)
    __libspace_start                         0x20001118   Data          96  libspace.o(.bss)
    __temporary_stack_top$libspace           0x20001178   Data           0  libspace.o(.bss)



==============================================================================

Memory Map of the image

  Image Entry point : 0x08000121

  Load Region LR_IROM1 (Base: 0x08000000, Size: 0x000070b0, Max: 0x00010000, ABSOLUTE)

    Execution Region ER_IROM1 (Base: 0x08000000, Size: 0x00007004, Max: 0x00010000, ABSOLUTE)

    Base Addr    Size         Type   Attr      Idx    E Section Name        Object

    0x08000000   0x00000120   Data   RO          317    RESET               startup_stm32f10x_md_vl.o
    0x08000120   0x00000008   Code   RO         4508  * !!!main             c_w.l(__main.o)
    0x08000128   0x00000034   Code   RO         4973    !!!scatter          c_w.l(__scatter.o)
    0x0800015c   0x0000001a   Code   RO         4975    !!handler_copy      c_w.l(__scatter_copy.o)
    0x08000176   0x00000002   PAD
    0x08000178   0x0000001c   Code   RO         4977    !!handler_zi        c_w.l(__scatter_zi.o)
    0x08000194   0x00000000   Code   RO         4654    .ARM.Collect$$_printf_percent$$00000000  c_w.l(_printf_percent.o)
    0x08000194   0x00000004   Code   RO         4711    .ARM.Collect$$_printf_percent$$00000017  c_w.l(_printf_percent_end.o)
    0x08000198   0x00000002   Code   RO         4773    .ARM.Collect$$libinit$$00000000  c_w.l(libinit.o)
    0x0800019a   0x00000000   Code   RO         4775    .ARM.Collect$$libinit$$00000002  c_w.l(libinit2.o)
    0x0800019a   0x00000000   Code   RO         4777    .ARM.Collect$$libinit$$00000004  c_w.l(libinit2.o)
    0x0800019a   0x00000000   Code   RO         4780    .ARM.Collect$$libinit$$0000000A  c_w.l(libinit2.o)
    0x0800019a   0x00000000   Code   RO         4782    .ARM.Collect$$libinit$$0000000C  c_w.l(libinit2.o)
    0x0800019a   0x00000000   Code   RO         4784    .ARM.Collect$$libinit$$0000000E  c_w.l(libinit2.o)
    0x0800019a   0x00000006   Code   RO         4785    .ARM.Collect$$libinit$$0000000F  c_w.l(libinit2.o)
    0x080001a0   0x00000000   Code   RO         4787    .ARM.Collect$$libinit$$00000011  c_w.l(libinit2.o)
    0x080001a0   0x0000000c   Code   RO         4788    .ARM.Collect$$libinit$$00000012  c_w.l(libinit2.o)
    0x080001ac   0x00000000   Code   RO         4789    .ARM.Collect$$libinit$$00000013  c_w.l(libinit2.o)
    0x080001ac   0x00000000   Code   RO         4791    .ARM.Collect$$libinit$$00000015  c_w.l(libinit2.o)
    0x080001ac   0x0000000a   Code   RO         4792    .ARM.Collect$$libinit$$00000016  c_w.l(libinit2.o)
    0x080001b6   0x00000000   Code   RO         4793    .ARM.Collect$$libinit$$00000017  c_w.l(libinit2.o)
    0x080001b6   0x00000000   Code   RO         4795    .ARM.Collect$$libinit$$00000019  c_w.l(libinit2.o)
    0x080001b6   0x00000000   Code   RO         4797    .ARM.Collect$$libinit$$0000001B  c_w.l(libinit2.o)
    0x080001b6   0x00000000   Code   RO         4799    .ARM.Collect$$libinit$$0000001D  c_w.l(libinit2.o)
    0x080001b6   0x00000000   Code   RO         4801    .ARM.Collect$$libinit$$0000001F  c_w.l(libinit2.o)
    0x080001b6   0x00000000   Code   RO         4803    .ARM.Collect$$libinit$$00000021  c_w.l(libinit2.o)
    0x080001b6   0x00000000   Code   RO         4805    .ARM.Collect$$libinit$$00000023  c_w.l(libinit2.o)
    0x080001b6   0x00000000   Code   RO         4807    .ARM.Collect$$libinit$$00000025  c_w.l(libinit2.o)
    0x080001b6   0x00000000   Code   RO         4811    .ARM.Collect$$libinit$$0000002C  c_w.l(libinit2.o)
    0x080001b6   0x00000000   Code   RO         4813    .ARM.Collect$$libinit$$0000002E  c_w.l(libinit2.o)
    0x080001b6   0x00000000   Code   RO         4815    .ARM.Collect$$libinit$$00000030  c_w.l(libinit2.o)
    0x080001b6   0x00000000   Code   RO         4817    .ARM.Collect$$libinit$$00000032  c_w.l(libinit2.o)
    0x080001b6   0x00000002   Code   RO         4818    .ARM.Collect$$libinit$$00000033  c_w.l(libinit2.o)
    0x080001b8   0x00000002   Code   RO         4884    .ARM.Collect$$libshutdown$$00000000  c_w.l(libshutdown.o)
    0x080001ba   0x00000000   Code   RO         4911    .ARM.Collect$$libshutdown$$00000002  c_w.l(libshutdown2.o)
    0x080001ba   0x00000000   Code   RO         4913    .ARM.Collect$$libshutdown$$00000004  c_w.l(libshutdown2.o)
    0x080001ba   0x00000000   Code   RO         4916    .ARM.Collect$$libshutdown$$00000007  c_w.l(libshutdown2.o)
    0x080001ba   0x00000000   Code   RO         4919    .ARM.Collect$$libshutdown$$0000000A  c_w.l(libshutdown2.o)
    0x080001ba   0x00000000   Code   RO         4921    .ARM.Collect$$libshutdown$$0000000C  c_w.l(libshutdown2.o)
    0x080001ba   0x00000000   Code   RO         4924    .ARM.Collect$$libshutdown$$0000000F  c_w.l(libshutdown2.o)
    0x080001ba   0x00000002   Code   RO         4925    .ARM.Collect$$libshutdown$$00000010  c_w.l(libshutdown2.o)
    0x080001bc   0x00000000   Code   RO         4568    .ARM.Collect$$rtentry$$00000000  c_w.l(__rtentry.o)
    0x080001bc   0x00000000   Code   RO         4678    .ARM.Collect$$rtentry$$00000002  c_w.l(__rtentry2.o)
    0x080001bc   0x00000006   Code   RO         4690    .ARM.Collect$$rtentry$$00000004  c_w.l(__rtentry4.o)
    0x080001c2   0x00000000   Code   RO         4680    .ARM.Collect$$rtentry$$00000009  c_w.l(__rtentry2.o)
    0x080001c2   0x00000004   Code   RO         4681    .ARM.Collect$$rtentry$$0000000A  c_w.l(__rtentry2.o)
    0x080001c6   0x00000000   Code   RO         4683    .ARM.Collect$$rtentry$$0000000C  c_w.l(__rtentry2.o)
    0x080001c6   0x00000008   Code   RO         4684    .ARM.Collect$$rtentry$$0000000D  c_w.l(__rtentry2.o)
    0x080001ce   0x00000002   Code   RO         4823    .ARM.Collect$$rtexit$$00000000  c_w.l(rtexit.o)
    0x080001d0   0x00000000   Code   RO         4848    .ARM.Collect$$rtexit$$00000002  c_w.l(rtexit2.o)
    0x080001d0   0x00000004   Code   RO         4849    .ARM.Collect$$rtexit$$00000003  c_w.l(rtexit2.o)
    0x080001d4   0x00000006   Code   RO         4850    .ARM.Collect$$rtexit$$00000004  c_w.l(rtexit2.o)
    0x080001da   0x00000002   PAD
    0x080001dc   0x00000040   Code   RO          318    .text               startup_stm32f10x_md_vl.o
    0x0800021c   0x00000002   Code   RO         4492    .text               c_w.l(use_no_semi_2.o)
    0x0800021e   0x00000002   PAD
    0x08000220   0x00000018   Code   RO         4496    .text               c_w.l(__2printf.o)
    0x08000238   0x00000024   Code   RO         4500    .text               c_w.l(strstr.o)
    0x0800025c   0x00000080   Code   RO         4504    .text               c_w.l(strcmpv7m.o)
    0x080002dc   0x00000006   Code   RO         4506    .text               c_w.l(heapauxi.o)
    0x080002e2   0x00000002   Code   RO         4566    .text               c_w.l(use_no_semi.o)
    0x080002e4   0x00000016   Code   RO         4569    .text               c_w.l(_rserrno.o)
    0x080002fa   0x00000002   PAD
    0x080002fc   0x00000030   Code   RO         4583    .text               c_w.l(_printf_char_common.o)
    0x0800032c   0x00000024   Code   RO         4587    .text               c_w.l(_printf_char_file.o)
    0x08000350   0x00000188   Code   RO         4638    .text               c_w.l(__printf_flags_ss_wp.o)
    0x080004d8   0x000000a0   Code   RO         4664    .text               c_w.l(strtod.o)
    0x08000578   0x00000008   Code   RO         4695    .text               c_w.l(rt_errno_addr_intlibspace.o)
    0x08000580   0x00000012   Code   RO         4699    .text               c_w.l(isspace.o)
    0x08000592   0x00000040   Code   RO         4712    .text               c_w.l(_sgetc.o)
    0x080005d2   0x00000008   Code   RO         4714    .text               c_w.l(ferror.o)
    0x080005da   0x00000002   PAD
    0x080005dc   0x00000008   Code   RO         4725    .text               c_w.l(libspace.o)
    0x080005e4   0x0000004a   Code   RO         4728    .text               c_w.l(sys_stackheap_outer.o)
    0x0800062e   0x00000002   PAD
    0x08000630   0x00000010   Code   RO         4730    .text               c_w.l(rt_ctype_table.o)
    0x08000640   0x00000008   Code   RO         4735    .text               c_w.l(rt_locale_intlibspace.o)
    0x08000648   0x000004a4   Code   RO         4739    .text               c_w.l(scanf_fp.o)
    0x08000aec   0x000000dc   Code   RO         4741    .text               c_w.l(bigflt0.o)
    0x08000bc8   0x00000012   Code   RO         4766    .text               c_w.l(exit.o)
    0x08000bda   0x00000002   PAD
    0x08000bdc   0x00000318   Code   RO         4854    .text               c_w.l(scanf_hexfp.o)
    0x08000ef4   0x00000134   Code   RO         4856    .text               c_w.l(scanf_infnan.o)
    0x08001028   0x00000026   Code   RO         4874    .text               c_w.l(llshl.o)
    0x0800104e   0x0000001c   Code   RO         4876    .text               c_w.l(_chval.o)
    0x0800106a   0x00000338   Code   RO         4754    CL$$btod_div_common  c_w.l(btod.o)
    0x080013a2   0x00000002   PAD
    0x080013a4   0x00000054   Code   RO         4752    CL$$btod_e2d        c_w.l(btod.o)
    0x080013f8   0x000000c6   Code   RO         4751    CL$$btod_e2e        c_w.l(btod.o)
    0x080014be   0x00000028   Code   RO         4748    CL$$btod_ediv       c_w.l(btod.o)
    0x080014e6   0x00000028   Code   RO         4750    CL$$btod_edivd      c_w.l(btod.o)
    0x0800150e   0x00000028   Code   RO         4747    CL$$btod_emul       c_w.l(btod.o)
    0x08001536   0x00000028   Code   RO         4749    CL$$btod_emuld      c_w.l(btod.o)
    0x0800155e   0x00000244   Code   RO         4753    CL$$btod_mult_common  c_w.l(btod.o)
    0x080017a2   0x00000002   PAD
    0x080017a4   0x000000cc   Code   RO          826    i.BT_connect        sim868.o
    0x08001870   0x00000090   Code   RO          827    i.BT_init           sim868.o
    0x08001900   0x00000004   Code   RO          207    i.BusFault_Handler  stm32f10x_it.o
    0x08001904   0x00000030   Code   RO          376    i.Clear_Buffer1     usart.o
    0x08001934   0x00000002   Code   RO          208    i.DebugMon_Handler  stm32f10x_it.o
    0x08001936   0x00000016   Code   RO          551    i.EXTI0_IRQHandler  exti.o
    0x0800194c   0x0000000c   Code   RO         2315    i.EXTI_ClearITPendingBit  stm32f10x_exti.o
    0x08001958   0x00000028   Code   RO         2319    i.EXTI_GetITStatus  stm32f10x_exti.o
    0x08001980   0x00000094   Code   RO         2320    i.EXTI_Init         stm32f10x_exti.o
    0x08001a14   0x00000040   Code   RO         2665    i.GPIO_EXTILineConfig  stm32f10x_gpio.o
    0x08001a54   0x00000116   Code   RO         2668    i.GPIO_Init         stm32f10x_gpio.o
    0x08001b6a   0x00000002   PAD
    0x08001b6c   0x00000090   Code   RO         2670    i.GPIO_PinRemapConfig  stm32f10x_gpio.o
    0x08001bfc   0x00000012   Code   RO         2672    i.GPIO_ReadInputDataBit  stm32f10x_gpio.o
    0x08001c0e   0x00000004   Code   RO         2675    i.GPIO_ResetBits    stm32f10x_gpio.o
    0x08001c12   0x00000004   Code   RO         2676    i.GPIO_SetBits      stm32f10x_gpio.o
    0x08001c16   0x00000002   PAD
    0x08001c18   0x000000a8   Code   RO          828    i.GPS_init          sim868.o
    0x08001cc0   0x000004a4   Code   RO          829    i.GSM_init          sim868.o
    0x08002164   0x00000004   Code   RO          209    i.HardFault_Handler  stm32f10x_it.o
    0x08002168   0x00000004   Code   RO          210    i.MemManage_Handler  stm32f10x_it.o
    0x0800216c   0x00000002   Code   RO          211    i.NMI_Handler       stm32f10x_it.o
    0x0800216e   0x00000002   PAD
    0x08002170   0x00000070   Code   RO         1487    i.NVIC_Init         misc.o
    0x080021e0   0x00000014   Code   RO         1488    i.NVIC_PriorityGroupConfig  misc.o
    0x080021f4   0x000000dc   Code   RO          830    i.OPEN_SIM868       sim868.o
    0x080022d0   0x00000002   Code   RO          212    i.PendSV_Handler    stm32f10x_it.o
    0x080022d2   0x00000002   PAD
    0x080022d4   0x00000020   Code   RO         3084    i.RCC_APB1PeriphClockCmd  stm32f10x_rcc.o
    0x080022f4   0x00000020   Code   RO         3085    i.RCC_APB1PeriphResetCmd  stm32f10x_rcc.o
    0x08002314   0x00000020   Code   RO         3086    i.RCC_APB2PeriphClockCmd  stm32f10x_rcc.o
    0x08002334   0x00000020   Code   RO         3087    i.RCC_APB2PeriphResetCmd  stm32f10x_rcc.o
    0x08002354   0x000000d8   Code   RO         3094    i.RCC_GetClocksFreq  stm32f10x_rcc.o
    0x0800242c   0x00000018   Code   RO         3569    i.SPI_Cmd           stm32f10x_spi.o
    0x08002444   0x00000012   Code   RO         3577    i.SPI_I2S_GetFlagStatus  stm32f10x_spi.o
    0x08002456   0x00000006   Code   RO         3580    i.SPI_I2S_ReceiveData  stm32f10x_spi.o
    0x0800245c   0x00000004   Code   RO         3581    i.SPI_I2S_SendData  stm32f10x_spi.o
    0x08002460   0x0000003c   Code   RO         3582    i.SPI_Init          stm32f10x_spi.o
    0x0800249c   0x00000002   Code   RO          213    i.SVC_Handler       stm32f10x_it.o
    0x0800249e   0x00000008   Code   RO          270    i.SetSysClock       system_stm32f10x.o
    0x080024a6   0x00000002   PAD
    0x080024a8   0x000000b8   Code   RO          271    i.SetSysClockTo24   system_stm32f10x.o
    0x08002560   0x00000028   Code   RO         1491    i.SysTick_CLKSourceConfig  misc.o
    0x08002588   0x00000002   Code   RO          214    i.SysTick_Handler   stm32f10x_it.o
    0x0800258a   0x00000002   PAD
    0x0800258c   0x00000064   Code   RO          273    i.SystemInit        system_stm32f10x.o
    0x080025f0   0x00000034   Code   RO          379    i.USART1_IRQHandler  usart.o
    0x08002624   0x0000008c   Code   RO          380    i.USART2_IRQHandler  usart.o
    0x080026b0   0x00000044   Code   RO          381    i.USART3_IRQHandler  usart.o
    0x080026f4   0x00000018   Code   RO         4260    i.USART_Cmd         stm32f10x_usart.o
    0x0800270c   0x0000009c   Code   RO         4262    i.USART_DeInit      stm32f10x_usart.o
    0x080027a8   0x0000001a   Code   RO         4263    i.USART_GetFlagStatus  stm32f10x_usart.o
    0x080027c2   0x00000054   Code   RO         4264    i.USART_GetITStatus  stm32f10x_usart.o
    0x08002816   0x0000004a   Code   RO         4266    i.USART_ITConfig    stm32f10x_usart.o
    0x08002860   0x000000d8   Code   RO         4267    i.USART_Init        stm32f10x_usart.o
    0x08002938   0x0000000a   Code   RO         4274    i.USART_ReceiveData  stm32f10x_usart.o
    0x08002942   0x00000008   Code   RO         4277    i.USART_SendData    stm32f10x_usart.o
    0x0800294a   0x00000002   PAD
    0x0800294c   0x00000028   Code   RO          382    i.Uart3_SendStr     usart.o
    0x08002974   0x00000004   Code   RO          215    i.UsageFault_Handler  stm32f10x_it.o
    0x08002978   0x0000001e   Code   RO          383    i.Usart_SendByte    usart.o
    0x08002996   0x00000020   Code   RO          384    i.Usart_SendStr_length  usart.o
    0x080029b6   0x0000000e   Code   RO         4932    i.__mathlib_dbl_overflow  m_ws.l(dunder.o)
    0x080029c4   0x00000010   Code   RO         4934    i.__mathlib_dbl_underflow  m_ws.l(dunder.o)
    0x080029d4   0x00000010   Code   RO         4841    i.__mathlib_narrow  m_ws.l(narrow.o)
    0x080029e4   0x00000088   Code   RO         4842    i.__mathlib_tofloat  m_ws.l(narrow.o)
    0x08002a6c   0x00000016   Code   RO         4892    i.__support_ldexp   m_ws.l(ldexp.o)
    0x08002a82   0x0000000e   Code   RO         4631    i._is_digit         c_w.l(__printf_wp.o)
    0x08002a90   0x00000006   Code   RO          385    i._sys_exit         usart.o
    0x08002a96   0x0000002a   Code   RO         4563    i.atof              m_ws.l(atof.o)
    0x08002ac0   0x00000068   Code   RO          831    i.bt_extract_recevied_data  sim868.o
    0x08002b28   0x00000034   Code   RO            1    i.bt_function_selection  main.o
    0x08002b5c   0x00000036   Code   RO            2    i.bt_recevied_data_process  main.o
    0x08002b92   0x00000002   PAD
    0x08002b94   0x00000058   Code   RO          832    i.bt_send_data      sim868.o
    0x08002bec   0x00000090   Code   RO         1172    i.check_fs          ff.o
    0x08002c7c   0x00000014   Code   RO         1173    i.chk_chr           ff.o
    0x08002c90   0x00000032   Code   RO         1174    i.clmt_clust        ff.o
    0x08002cc2   0x0000001a   Code   RO         1175    i.clust2sect        ff.o
    0x08002cdc   0x00000014   Code   RO          700    i.cpn_fill          gps.o
    0x08002cf0   0x00000048   Code   RO          662    i.crc_16            crc16.o
    0x08002d38   0x0000001c   Code   RO          701    i.crc_fill          gps.o
    0x08002d54   0x000000d6   Code   RO         1176    i.create_chain      ff.o
    0x08002e2a   0x00000002   PAD
    0x08002e2c   0x00000158   Code   RO         1177    i.create_name       ff.o
    0x08002f84   0x00000016   Code   RO          703    i.data_init         gps.o
    0x08002f9a   0x00000002   PAD
    0x08002f9c   0x0000002c   Code   RO          833    i.data_recevied_flag  sim868.o
    0x08002fc8   0x00000044   Code   RO          322    i.delay_init        delay.o
    0x0800300c   0x0000004c   Code   RO          323    i.delay_ms          delay.o
    0x08003058   0x0000005c   Code   RO         1178    i.dir_alloc         ff.o
    0x080030b4   0x0000005c   Code   RO         1179    i.dir_find          ff.o
    0x08003110   0x00000110   Code   RO         1180    i.dir_next          ff.o
    0x08003220   0x00000072   Code   RO         1181    i.dir_read          ff.o
    0x08003292   0x0000003a   Code   RO         1182    i.dir_register      ff.o
    0x080032cc   0x0000009e   Code   RO         1184    i.dir_sdi           ff.o
    0x0800336a   0x00000032   Code   RO          705    i.direction_fill    gps.o
    0x0800339c   0x0000002e   Code   RO         1133    i.disk_initialize   diskio.o
    0x080033ca   0x0000004c   Code   RO         1134    i.disk_ioctl        diskio.o
    0x08003416   0x00000044   Code   RO         1135    i.disk_read         diskio.o
    0x0800345a   0x00000006   Code   RO         1136    i.disk_status       diskio.o
    0x08003460   0x00000028   Code   RO         1137    i.disk_write        diskio.o
    0x08003488   0x00000044   Code   RO          706    i.elevation_fill    gps.o
    0x080034cc   0x00000048   Code   RO          552    i.exti0_init        exti.o
    0x08003514   0x00000020   Code   RO         1186    i.f_close           ff.o
    0x08003534   0x00000016   Code   RO         1187    i.f_closedir        ff.o
    0x0800354a   0x00000002   PAD
    0x0800354c   0x00000160   Code   RO         1192    i.f_mkdir           ff.o
    0x080036ac   0x0000005c   Code   RO         1194    i.f_mount           ff.o
    0x08003708   0x00000168   Code   RO         1195    i.f_open            ff.o
    0x08003870   0x0000006e   Code   RO         1196    i.f_opendir         ff.o
    0x080038de   0x000001b0   Code   RO         1200    i.f_read            ff.o
    0x08003a8e   0x00000058   Code   RO         1201    i.f_readdir         ff.o
    0x08003ae6   0x00000002   PAD
    0x08003ae8   0x000000b0   Code   RO         1205    i.f_sync            ff.o
    0x08003b98   0x000001ea   Code   RO         1209    i.f_write           ff.o
    0x08003d82   0x00000002   PAD
    0x08003d84   0x00000388   Code   RO         1210    i.find_volume       ff.o
    0x0800410c   0x00000090   Code   RO         1211    i.follow_path       ff.o
    0x0800419c   0x0000001c   Code   RO          386    i.fputc             usart.o
    0x080041b8   0x00000058   Code   RO         4867    i.frexp             m_ws.l(frexp.o)
    0x08004210   0x000000f2   Code   RO         1212    i.get_fat           ff.o
    0x08004302   0x00000054   Code   RO            4    i.get_file          main.o
    0x08004356   0x00000070   Code   RO         1213    i.get_fileinfo      ff.o
    0x080043c6   0x00000048   Code   RO         1214    i.get_ldnumber      ff.o
    0x0800440e   0x00000002   PAD
    0x08004410   0x00000050   Code   RO            5    i.get_list          main.o
    0x08004460   0x00000094   Code   RO          707    i.gps_buf_extract   gps.o
    0x080044f4   0x00000084   Code   RO          708    i.gps_extract       gps.o
    0x08004578   0x00000018   Code   RO          709    i.gps_single_data_clean  gps.o
    0x08004590   0x000000c4   Code   RO            6    i.group_package     main.o
    0x08004654   0x00000014   Code   RO          711    i.id_fill           gps.o
    0x08004668   0x0000004c   Code   RO          664    i.init_crc16_tab    crc16.o
    0x080046b4   0x0000003a   Code   RO          712    i.is_leap_time      gps.o
    0x080046ee   0x0000000c   Code   RO          516    i.key_init          key.o
    0x080046fa   0x00000002   PAD
    0x080046fc   0x00000010   Code   RO          517    i.key_off           key.o
    0x0800470c   0x00000064   Code   RO          518    i.key_on            key.o
    0x08004770   0x000000f8   Code   RO          713    i.latitude_fill     gps.o
    0x08004868   0x00000020   Code   RO         1215    i.ld_clust          ff.o
    0x08004888   0x00000074   Code   RO         4893    i.ldexp             m_ws.l(ldexp.o)
    0x080048fc   0x0000002c   Code   RO          482    i.led1_init         led.o
    0x08004928   0x00000064   Code   RO          483    i.led234_init       led.o
    0x0800498c   0x0000000c   Code   RO          484    i.led_init          led.o
    0x08004998   0x00000060   Code   RO          485    i.led_off           led.o
    0x080049f8   0x00000060   Code   RO          486    i.led_on            led.o
    0x08004a58   0x00000124   Code   RO          714    i.longitude_fill    gps.o
    0x08004b7c   0x00000258   Code   RO            7    i.main              main.o
    0x08004dd4   0x00000026   Code   RO         1216    i.mem_cmp           ff.o
    0x08004dfa   0x0000001a   Code   RO         1217    i.mem_cpy           ff.o
    0x08004e14   0x00000014   Code   RO         1218    i.mem_set           ff.o
    0x08004e28   0x00000034   Code   RO         1219    i.move_window       ff.o
    0x08004e5c   0x00000100   Code   RO            8    i.npt_extract       main.o
    0x08004f5c   0x000004a8   Code   RO          834    i.ntp_init          sim868.o
    0x08005404   0x00000060   Code   RO            9    i.o_finddir         main.o
    0x08005464   0x0000003e   Code   RO          626    i.only_atoi         only_atoi.o
    0x080054a2   0x0000002a   Code   RO          641    i.only_memcpm       only_strstr.o
    0x080054cc   0x00000066   Code   RO          642    i.only_strstr       only_strstr.o
    0x08005532   0x00000008   Code   RO          715    i.other_fill        gps.o
    0x0800553a   0x00000002   PAD
    0x0800553c   0x0000002c   Code   RO          519    i.pa0_init          key.o
    0x08005568   0x0000002c   Code   RO          835    i.pa5_init          sim868.o
    0x08005594   0x00000034   Code   RO          836    i.pb0_init          sim868.o
    0x080055c8   0x00000034   Code   RO          837    i.pb1_init          sim868.o
    0x080055fc   0x0000002c   Code   RO          520    i.pb6_init          key.o
    0x08005628   0x00000142   Code   RO         1220    i.put_fat           ff.o
    0x0800576a   0x00000014   Code   RO          716    i.reg_fill          gps.o
    0x0800577e   0x0000006c   Code   RO         1222    i.remove_chain      ff.o
    0x080057ea   0x00000028   Code   RO         1041    i.sd_getCSD         sd.o
    0x08005812   0x00000026   Code   RO         1042    i.sd_getResponse    sd.o
    0x08005838   0x00000084   Code   RO         1043    i.sd_getSector      sd.o
    0x080058bc   0x00000194   Code   RO         1044    i.sd_init           sd.o
    0x08005a50   0x00000070   Code   RO         1045    i.sd_read           sd.o
    0x08005ac0   0x0000000c   Code   RO         1046    i.sd_readWrite      sd.o
    0x08005acc   0x00000038   Code   RO         1047    i.sd_recvData       sd.o
    0x08005b04   0x00000056   Code   RO         1048    i.sd_sendBlock      sd.o
    0x08005b5a   0x00000076   Code   RO         1049    i.sd_sendCmd        sd.o
    0x08005bd0   0x0000000a   Code   RO         1050    i.sd_speedHigh      sd.o
    0x08005bda   0x0000000a   Code   RO         1051    i.sd_speedLow       sd.o
    0x08005be4   0x00000020   Code   RO         1052    i.sd_waitReady      sd.o
    0x08005c04   0x0000008c   Code   RO         1053    i.sd_write          sd.o
    0x08005c90   0x000000f4   Code   RO          570    i.spi1_init         spi.o
    0x08005d84   0x00000054   Code   RO          571    i.spi1_readWriteByte  spi.o
    0x08005dd8   0x00000024   Code   RO          572    i.spi1_setSpeed     spi.o
    0x08005dfc   0x00000010   Code   RO         1223    i.st_clust          ff.o
    0x08005e0c   0x000000c8   Code   RO         1224    i.sync_fs           ff.o
    0x08005ed4   0x00000052   Code   RO         1225    i.sync_window       ff.o
    0x08005f26   0x00000002   PAD
    0x08005f28   0x000002a8   Code   RO          718    i.time_fill         gps.o
    0x080061d0   0x000000a0   Code   RO          388    i.uart1_init        usart.o
    0x08006270   0x000000ac   Code   RO          389    i.uart2_init        usart.o
    0x0800631c   0x000000a0   Code   RO          390    i.uart3_init        usart.o
    0x080063bc   0x00000036   Code   RO         1226    i.validate          ff.o
    0x080063f2   0x00000002   PAD
    0x080063f4   0x0000002c   Code   RO         4721    locale$$code        c_w.l(lc_numeric_c.o)
    0x08006420   0x0000002c   Code   RO         4826    locale$$code        c_w.l(lc_ctype_c.o)
    0x0800644c   0x00000062   Code   RO         4510    x$fpl$d2f           fz_ws.l(d2f.o)
    0x080064ae   0x00000002   PAD
    0x080064b0   0x00000010   Code   RO         4926    x$fpl$dcheck1       fz_ws.l(dcheck1.o)
    0x080064c0   0x00000018   Code   RO         4885    x$fpl$dcmpinf       fz_ws.l(dcmpi.o)
    0x080064d8   0x00000078   Code   RO         4862    x$fpl$deqf          fz_ws.l(deqf.o)
    0x08006550   0x00000078   Code   RO         4887    x$fpl$dleqf         fz_ws.l(dleqf.o)
    0x080065c8   0x0000009c   Code   RO         4666    x$fpl$dnaninf       fz_ws.l(dnaninf.o)
    0x08006664   0x0000006c   Code   RO         4864    x$fpl$drleqf        fz_ws.l(drleqf.o)
    0x080066d0   0x000000c4   Code   RO         4532    x$fpl$fadd          fz_ws.l(faddsub_clz.o)
    0x08006794   0x00000184   Code   RO         4539    x$fpl$fdiv          fz_ws.l(fdiv.o)
    0x08006918   0x00000036   Code   RO         4542    x$fpl$ffix          fz_ws.l(ffix.o)
    0x0800694e   0x00000002   PAD
    0x08006950   0x0000003e   Code   RO         4546    x$fpl$ffixu         fz_ws.l(ffixu.o)
    0x0800698e   0x00000002   PAD
    0x08006990   0x00000030   Code   RO         4555    x$fpl$fflt          fz_ws.l(fflt_clz.o)
    0x080069c0   0x00000102   Code   RO         4560    x$fpl$fmul          fz_ws.l(fmul.o)
    0x08006ac2   0x0000008c   Code   RO         4670    x$fpl$fnaninf       fz_ws.l(fnaninf.o)
    0x08006b4e   0x0000000a   Code   RO         4672    x$fpl$fretinf       fz_ws.l(fretinf.o)
    0x08006b58   0x000000ea   Code   RO         4534    x$fpl$fsub          fz_ws.l(faddsub_clz.o)
    0x08006c42   0x00000002   PAD
    0x08006c44   0x0000005c   Code   RO         4550    x$fpl$llufromf      fz_ws.l(ffixull.o)
    0x08006ca0   0x00000064   Code   RO         4947    x$fpl$retnan        fz_ws.l(retnan.o)
    0x08006d04   0x0000005c   Code   RO         4889    x$fpl$scalbn        fz_ws.l(scalbn.o)
    0x08006d60   0x00000004   Code   RO         4723    x$fpl$scanf1        fz_ws.l(scanf1.o)
    0x08006d64   0x00000008   Code   RO         4835    x$fpl$scanf2        fz_ws.l(scanf2.o)
    0x08006d6c   0x00000030   Code   RO         4953    x$fpl$trapveneer    fz_ws.l(trapv.o)
    0x08006d9c   0x00000000   Code   RO         4676    x$fpl$usenofp       fz_ws.l(usenofp.o)
    0x08006d9c   0x0000006c   Data   RO          719    .constdata          gps.o
    0x08006e08   0x00000011   Data   RO         4639    .constdata          c_w.l(__printf_flags_ss_wp.o)
    0x08006e19   0x00000003   PAD
    0x08006e1c   0x00000094   Data   RO         4742    .constdata          c_w.l(bigflt0.o)
    0x08006eb0   0x00000020   Data   RO         4971    Region$$Table       anon$$obj.o
    0x08006ed0   0x00000008   Data   RO         4830    c$$dinf             fz_ws.l(fpconst.o)
    0x08006ed8   0x0000001c   Data   RO         4720    locale$$data        c_w.l(lc_numeric_c.o)
    0x08006ef4   0x00000110   Data   RO         4825    locale$$data        c_w.l(lc_ctype_c.o)


    Execution Region RW_IRAM1 (Base: 0x20000000, Size: 0x00001b78, Max: 0x00002000, ABSOLUTE)

    Base Addr    Size         Type   Attr      Idx    E Section Name        Object

    0x20000000   0x00000058   Data   RW           11    .data               main.o
    0x20000058   0x00000014   Data   RW          274    .data               system_stm32f10x.o
    0x2000006c   0x00000004   Data   RW          325    .data               delay.o
    0x20000070   0x00000014   Data   RW          392    .data               usart.o
    0x20000084   0x00000001   Data   RW          667    .data               crc16.o
    0x20000085   0x00000003   PAD
    0x20000088   0x00000004   Data   RW          839    .data               sim868.o
    0x2000008c   0x00000001   Data   RW         1054    .data               sd.o
    0x2000008d   0x00000003   PAD
    0x20000090   0x00000006   Data   RW         1228    .data               ff.o
    0x20000096   0x00000014   Data   RW         3115    .data               stm32f10x_rcc.o
    0x200000aa   0x00000002   PAD
    0x200000ac   0x00000608   Zero   RW           10    .bss                main.o
    0x200006b4   0x0000084f   Zero   RW          391    .bss                usart.o
    0x20000f03   0x00000001   PAD
    0x20000f04   0x00000012   Zero   RW          574    .bss                spi.o
    0x20000f16   0x00000200   Zero   RW          666    .bss                crc16.o
    0x20001116   0x00000002   PAD
    0x20001118   0x00000060   Zero   RW         4726    .bss                c_w.l(libspace.o)
    0x20001178   0x00000400   Zero   RW          316    HEAP                startup_stm32f10x_md_vl.o
    0x20001578   0x00000600   Zero   RW          315    STACK               startup_stm32f10x_md_vl.o


==============================================================================

Image component sizes


      Code (inc. data)   RO Data    RW Data    ZI Data      Debug   Object Name

         0          0          0          0          0         32   core_cm3.o
       148         16          0          1        512       1677   crc16.o
       144         22          0          4          0       1044   delay.o
       236          0          0          0          0       4022   diskio.o
        94          0          0          0          0        900   exti.o
      6162         58          0          6          0      31405   ff.o
      1818         68        108          0          0      10786   gps.o
       216         28          0          0          0       2002   key.o
       348         30          0          0          0       2342   led.o
      1418        194          0         88       1544     253601   main.o
       172         22          0          0          0       1801   misc.o
         0          0          0          0          0       1452   only_atof.o
        62          0          0          0          0        688   only_atoi.o
       144          0          0          0          0       1548   only_strstr.o
      1190         18          0          1          0       7970   sd.o
      3500       1022          0          4          0       7651   sim868.o
       364         38          0          0         18       1829   spi.o
        64         26        288          0       2560        768   startup_stm32f10x_md_vl.o
       200         18          0          0          0       1848   stm32f10x_exti.o
       512         10          0          0          0       4668   stm32f10x_gpio.o
        26          0          0          0          0       3486   stm32f10x_it.o
       344         50          0         20          0       5248   stm32f10x_rcc.o
       112          0          0          0          0       3450   stm32f10x_spi.o
       598         28          0          0          0       6212   stm32f10x_usart.o
       292         24          0         20          0       1957   system_stm32f10x.o
       936         88          0         20       2127       8864   usart.o

    ----------------------------------------------------------------------
     19136       1760        428        172       6764     367251   Object Totals
         0          0         32          0          0          0   (incl. Generated)
        36          0          0          8          3          0   (incl. Padding)

    ----------------------------------------------------------------------

      Code (inc. data)   RO Data    RW Data    ZI Data      Debug   Library Member Name

        24          4          0          0          0         84   __2printf.o
         8          0          0          0          0         68   __main.o
       392          4         17          0          0         92   __printf_flags_ss_wp.o
        14          0          0          0          0         68   __printf_wp.o
         0          0          0          0          0          0   __rtentry.o
        12          0          0          0          0          0   __rtentry2.o
         6          0          0          0          0          0   __rtentry4.o
        52          8          0          0          0          0   __scatter.o
        26          0          0          0          0          0   __scatter_copy.o
        28          0          0          0          0          0   __scatter_zi.o
        28          0          0          0          0         68   _chval.o
        48          6          0          0          0         96   _printf_char_common.o
        36          4          0          0          0         80   _printf_char_file.o
         0          0          0          0          0          0   _printf_percent.o
         4          0          0          0          0          0   _printf_percent_end.o
        22          0          0          0          0        100   _rserrno.o
        64          0          0          0          0         84   _sgetc.o
       220          4        148          0          0         96   bigflt0.o
      1846        132          0          0          0        736   btod.o
        18          0          0          0          0         80   exit.o
         8          0          0          0          0         68   ferror.o
         6          0          0          0          0        152   heapauxi.o
        18          0          0          0          0         76   isspace.o
        44         10        272          0          0         76   lc_ctype_c.o
        44         10         28          0          0         76   lc_numeric_c.o
         2          0          0          0          0          0   libinit.o
        30          0          0          0          0          0   libinit2.o
         2          0          0          0          0          0   libshutdown.o
         2          0          0          0          0          0   libshutdown2.o
         8          4          0          0         96         68   libspace.o
        38          0          0          0          0         68   llshl.o
        16          4          0          0          0         76   rt_ctype_table.o
         8          4          0          0          0         68   rt_errno_addr_intlibspace.o
         8          4          0          0          0         68   rt_locale_intlibspace.o
         2          0          0          0          0          0   rtexit.o
        10          0          0          0          0          0   rtexit2.o
      1188         12          0          0          0        148   scanf_fp.o
       792         14          0          0          0        100   scanf_hexfp.o
       308         16          0          0          0        100   scanf_infnan.o
       128          0          0          0          0         68   strcmpv7m.o
        36          0          0          0          0         80   strstr.o
       160         12          0          0          0        120   strtod.o
        74          0          0          0          0         80   sys_stackheap_outer.o
         2          0          0          0          0         68   use_no_semi.o
         2          0          0          0          0         68   use_no_semi_2.o
        98          4          0          0          0         92   d2f.o
        16          4          0          0          0         68   dcheck1.o
        24          0          0          0          0         68   dcmpi.o
       120          4          0          0          0         92   deqf.o
       120          4          0          0          0         92   dleqf.o
       156          4          0          0          0         92   dnaninf.o
       108          0          0          0          0         80   drleqf.o
       430          8          0          0          0        168   faddsub_clz.o
       388         76          0          0          0         96   fdiv.o
        54          4          0          0          0         84   ffix.o
        62          4          0          0          0         84   ffixu.o
        92          4          0          0          0         84   ffixull.o
        48          0          0          0          0         68   fflt_clz.o
       258          4          0          0          0         84   fmul.o
       140          4          0          0          0         84   fnaninf.o
         0          0          8          0          0          0   fpconst.o
        10          0          0          0          0         68   fretinf.o
       100          0          0          0          0         68   retnan.o
        92          0          0          0          0         68   scalbn.o
         4          0          0          0          0         68   scanf1.o
         8          0          0          0          0         84   scanf2.o
        48          0          0          0          0         68   trapv.o
         0          0          0          0          0          0   usenofp.o
        42          0          0          0          0         84   atof.o
        30          6          0          0          0        136   dunder.o
        88          8          0          0          0         76   frexp.o
       138          0          0          0          0        160   ldexp.o
       152          4          0          0          0        168   narrow.o

    ----------------------------------------------------------------------
      8636        396        476          0         96       5664   Library Totals
        26          2          3          0          0          0   (incl. Padding)

    ----------------------------------------------------------------------

      Code (inc. data)   RO Data    RW Data    ZI Data      Debug   Library Name

      5784        252        465          0         96       3280   c_w.l
      2376        124          8          0          0       1760   fz_ws.l
       450         18          0          0          0        624   m_ws.l

    ----------------------------------------------------------------------
      8636        396        476          0         96       5664   Library Totals

    ----------------------------------------------------------------------

==============================================================================


      Code (inc. data)   RO Data    RW Data    ZI Data      Debug   

     27772       2156        904        172       6860     361107   Grand Totals
     27772       2156        904        172       6860     361107   ELF Image Totals
     27772       2156        904        172          0          0   ROM Totals

==============================================================================

    Total RO  Size (Code + RO Data)                28676 (  28.00kB)
    Total RW  Size (RW Data + ZI Data)              7032 (   6.87kB)
    Total ROM Size (Code + RO Data + RW Data)      28848 (  28.17kB)

==============================================================================

